ASxxxx Linker V03.00/V05.40 + sdld,  page 1.
Hexadecimal  [32-Bits]

Area                                    Addr        Size        Decimal Bytes (Attributes)
--------------------------------        ----        ----        ------- ----- ------------
CABS                                00000000    00000000 =           0. bytes (ABS,CON,CODE)

      Value  Global                              Global Defined In Module
      -----  --------------------------------   ------------------------
C:   00000000  l_BIT_BANK                      
C:   00000000  l_BSEG                          
C:   00000000  l_BSEG_BYTES                    
C:   00000000  l_CABS                          
C:   00000000  l_CONST                         
C:   00000000  l_GSINIT1                       
C:   00000000  l_GSINIT5                       
C:   00000000  l_IABS                          
C:   00000000  l_ISEG                          
C:   00000000  l_PSEG                          
C:   00000000  l_REG_BANK_1                    
C:   00000000  l_REG_BANK_2                    
C:   00000000  l_REG_BANK_3                    
C:   00000000  l_RSEG                          
C:   00000000  l_RSEG0                         
C:   00000000  l_RSEG1                         
C:   00000000  l_XABS                          
C:   00000000  l_XINIT                         
C:   00000000  l_XISEG                         
C:   00000000  l_XSEG                          
C:   00000000  l__CODE                         
C:   00000000  s_BSEG                          
C:   00000000  s_CABS                          
C:   00000000  s_DSEG                          
C:   00000000  s_HOME                          
C:   00000000  s_IABS                          
C:   00000000  s_ISEG                          
C:   00000000  s_PSEG                          
C:   00000000  s_REG_BANK_0                    
C:   00000000  s_RSEG                          
C:   00000000  s_RSEG0                         
C:   00000000  s_RSEG1                         
C:   00000000  s_XABS                          
C:   00000000  s_XISEG                         
C:   00000000  s_XSEG                          
C:   00000002  l_OSEG                          
C:   00000003  l_GSFINAL                       
C:   00000003  l_GSINIT0                       
C:   00000006  l_HOME                          
C:   00000006  s_GSINIT0                       
C:   00000008  l_REG_BANK_0                    
C:   00000008  s_REG_BANK_1                    
C:   00000009  s_GSINIT1                       
C:   00000009  s_GSINIT2                       
C:   0000000A  l_GSINIT2                       
C:   00000010  s_OSEG                          
C:   00000010  s_REG_BANK_2                    
C:   00000012  s_SSEG                          
C:   00000013  s_GSINIT3                       
C:   00000018  l_GSINIT                        
ASxxxx Linker V03.00/V05.40 + sdld,  page 2.
Hexadecimal  [32-Bits]

Area                                    Addr        Size        Decimal Bytes (Attributes)
--------------------------------        ----        ----        ------- ----- ------------
CABS                                00000000    00000000 =           0. bytes (ABS,CON,CODE)

      Value  Global                              Global Defined In Module
      -----  --------------------------------   ------------------------
C:   00000018  s_BIT_BANK                      
C:   00000018  s_REG_BANK_3                    
C:   00000020  s_BSEG_BYTES                    
C:   00000020  s__CODE                         
C:   00000022  l_GSINIT3                       
C:   0000002A  l_GSINIT4                       
C:   00000035  s_GSINIT4                       
C:   0000005F  s_GSINIT                        
C:   0000005F  s_GSINIT5                       
C:   00000077  s_GSFINAL                       
C:   0000007A  s_CSEG                          
C:   00000080  l_DSEG                          
C:   000000EE  l_SSEG                          
C:   00000100  l_IRAM                          
C:   000001A6  l_CSEG                          
C:   00000220  s_CONST                         
C:   00000220  s_XINIT                         

ASxxxx Linker V03.00/V05.40 + sdld,  page 3.
Hexadecimal  [32-Bits]

Area                                    Addr        Size        Decimal Bytes (Attributes)
--------------------------------        ----        ----        ------- ----- ------------
.  .ABS.                            00000000    00000000 =           0. bytes (ABS,CON)

      Value  Global                              Global Defined In Module
      -----  --------------------------------   ------------------------
     00000000  .__.ABS.                           _startup
     00000080  _MOSI                              spi
     00000080  _P0                                spi
     00000080  _P00                               spi
     00000081  _MISO                              spi
     00000081  _P01                               spi
     00000081  _SP                                spi
     00000082  _DPL                               spi
     00000082  _P02                               spi
     00000082  _RXD_1                             spi
     00000083  _DPH                               spi
     00000083  _P03                               spi
     00000084  _P04                               spi
     00000084  _RCTRIM0                           spi
     00000084  _STADC                             spi
     00000085  _P05                               spi
     00000085  _RCTRIM1                           spi
     00000086  _P06                               spi
     00000086  _RWK                               spi
     00000086  _TXD                               spi
     00000087  _P07                               spi
     00000087  _PCON                              spi
     00000087  _RXD                               spi
     00000088  _IT0                               spi
     00000088  _TCON                              spi
     00000089  _IE0                               spi
     00000089  _TMOD                              spi
     0000008A  _IT1                               spi
     0000008A  _TL0                               spi
     0000008B  _IE1                               spi
     0000008B  _TL1                               spi
     0000008C  _TH0                               spi
     0000008C  _TR0                               spi
     0000008D  _TF0                               spi
     0000008D  _TH1                               spi
     0000008E  _CKCON                             spi
     0000008E  _TR1                               spi
     0000008F  _TF1                               spi
     0000008F  _WKCON                             spi
     00000090  _P1                                spi
     00000090  _P10                               spi
     00000091  _P11                               spi
     00000091  _SFRS                              spi
     00000092  _CAPCON0                           spi
     00000092  _P12                               spi
     00000093  _CAPCON1                           spi
     00000093  _P13                               spi
     00000093  _SCL                               spi
     00000094  _CAPCON2                           spi
     00000094  _P14                               spi
ASxxxx Linker V03.00/V05.40 + sdld,  page 4.
Hexadecimal  [32-Bits]

Area                                    Addr        Size        Decimal Bytes (Attributes)
--------------------------------        ----        ----        ------- ----- ------------
.  .ABS.                            00000000    00000000 =           0. bytes (ABS,CON)

      Value  Global                              Global Defined In Module
      -----  --------------------------------   ------------------------
     00000094  _SDA                               spi
     00000095  _CKDIV                             spi
     00000095  _P15                               spi
     00000096  _CKSWT                             spi
     00000096  _P16                               spi
     00000096  _TXD_1                             spi
     00000097  _CKEN                              spi
     00000097  _P17                               spi
     00000098  _RI                                spi
     00000098  _SCON                              spi
     00000099  _SBUF                              spi
     00000099  _TI                                spi
     0000009A  _RB8                               spi
     0000009A  _SBUF_1                            spi
     0000009B  _EIE                               spi
     0000009B  _TB8                               spi
     0000009C  _EIE1                              spi
     0000009C  _REN                               spi
     0000009D  _SM2                               spi
     0000009E  _SM1                               spi
     0000009F  _CHPCON                            spi
     0000009F  _FE                                spi
     0000009F  _SM0                               spi
     000000A0  _P2                                spi
     000000A0  _P20                               spi
     000000A0  __XPAGE                            
     000000A2  _AUXR1                             spi
     000000A3  _BODCON0                           spi
     000000A4  _IAPTRG                            spi
     000000A5  _IAPUEN                            spi
     000000A6  _IAPAL                             spi
     000000A7  _IAPAH                             spi
     000000A8  _EX0                               spi
     000000A8  _IE                                spi
     000000A9  _ET0                               spi
     000000A9  _SADDR                             spi
     000000AA  _EX1                               spi
     000000AA  _WDCON                             spi
     000000AB  _BODCON1                           spi
     000000AB  _ET1                               spi
     000000AC  _ES                                spi
     000000AC  _P3M1                              spi
     000000AC  _P3S                               spi
     000000AD  _EBOD                              spi
     000000AD  _P3M2                              spi
     000000AD  _P3SR                              spi
     000000AE  _EADC                              spi
     000000AE  _IAPFD                             spi
     000000AF  _EA                                spi
     000000AF  _IAPCN                             spi
     000000B0  _P3                                spi
ASxxxx Linker V03.00/V05.40 + sdld,  page 5.
Hexadecimal  [32-Bits]

Area                                    Addr        Size        Decimal Bytes (Attributes)
--------------------------------        ----        ----        ------- ----- ------------
.  .ABS.                            00000000    00000000 =           0. bytes (ABS,CON)

      Value  Global                              Global Defined In Module
      -----  --------------------------------   ------------------------
     000000B0  _P30                               spi
     000000B1  _P0M1                              spi
     000000B1  _P0S                               spi
     000000B2  _P0M2                              spi
     000000B2  _P0SR                              spi
     000000B3  _P1M1                              spi
     000000B3  _P1S                               spi
     000000B4  _P1M2                              spi
     000000B4  _P1SR                              spi
     000000B5  _P2S                               spi
     000000B7  _IPH                               spi
     000000B7  _PWMINTC                           spi
     000000B8  _IP                                spi
     000000B8  _PX0                               spi
     000000B9  _PT0                               spi
     000000B9  _SADEN                             spi
     000000BA  _PX1                               spi
     000000BA  _SADEN_1                           spi
     000000BB  _PT1                               spi
     000000BB  _SADDR_1                           spi
     000000BC  _I2DAT                             spi
     000000BC  _PS                                spi
     000000BD  _I2STAT                            spi
     000000BD  _PBOD                              spi
     000000BE  _I2CLK                             spi
     000000BE  _PADC                              spi
     000000BF  _I2TOC                             spi
     000000C0  _I2CON                             spi
     000000C0  _I2CPX                             spi
     000000C1  _I2ADDR                            spi
     000000C2  _AA                                spi
     000000C2  _ADCRL                             spi
     000000C3  _ADCRH                             spi
     000000C3  _SI                                spi
     000000C4  _PWM4H                             spi
     000000C4  _STO                               spi
     000000C4  _T3CON                             spi
     000000C5  _PWM5H                             spi
     000000C5  _RL3                               spi
     000000C5  _STA                               spi
     000000C6  _I2CEN                             spi
     000000C6  _PIOCON1                           spi
     000000C6  _RH3                               spi
     000000C7  _TA                                spi
     000000C8  _CM_RL2                            spi
     000000C8  _T2CON                             spi
     000000C9  _T2MOD                             spi
     000000CA  _RCMP2L                            spi
     000000CA  _TR2                               spi
     000000CB  _RCMP2H                            spi
     000000CC  _PWM4L                             spi
ASxxxx Linker V03.00/V05.40 + sdld,  page 6.
Hexadecimal  [32-Bits]

Area                                    Addr        Size        Decimal Bytes (Attributes)
--------------------------------        ----        ----        ------- ----- ------------
.  .ABS.                            00000000    00000000 =           0. bytes (ABS,CON)

      Value  Global                              Global Defined In Module
      -----  --------------------------------   ------------------------
     000000CC  _TL2                               spi
     000000CD  _PWM5L                             spi
     000000CD  _TH2                               spi
     000000CE  _ADCMPL                            spi
     000000CF  _ADCMPH                            spi
     000000CF  _TF2                               spi
     000000D0  _P                                 spi
     000000D0  _PSW                               spi
     000000D1  _PWMPH                             spi
     000000D2  _OV                                spi
     000000D2  _PWM0H                             spi
     000000D3  _PWM1H                             spi
     000000D3  _RS0                               spi
     000000D4  _PWM2H                             spi
     000000D4  _RS1                               spi
     000000D5  _F0                                spi
     000000D5  _PWM3H                             spi
     000000D6  _AC                                spi
     000000D6  _PNP                               spi
     000000D7  _CY                                spi
     000000D7  _FBD                               spi
     000000D8  _PWMCON0                           spi
     000000D9  _PWMPL                             spi
     000000DA  _PWM0L                             spi
     000000DB  _PWM1L                             spi
     000000DC  _CLRPWM                            spi
     000000DC  _PWM2L                             spi
     000000DD  _PWM3L                             spi
     000000DD  _PWMF                              spi
     000000DE  _LOAD                              spi
     000000DE  _PIOCON0                           spi
     000000DF  _PWMCON1                           spi
     000000DF  _PWMRUN                            spi
     000000E0  _ACC                               spi
     000000E1  _ADCCON1                           spi
     000000E2  _ADCCON2                           spi
     000000E3  _ADCDLY                            spi
     000000E4  _C0L                               spi
     000000E5  _C0H                               spi
     000000E6  _C1L                               spi
     000000E7  _C1H                               spi
     000000E8  _ADCCON0                           spi
     000000E8  _ADCHS0                            spi
     000000E9  _ADCHS1                            spi
     000000E9  _PICON                             spi
     000000EA  _ADCHS2                            spi
     000000EA  _PINEN                             spi
     000000EB  _ADCHS3                            spi
     000000EB  _PIPEN                             spi
     000000EC  _ETGSEL0                           spi
     000000EC  _PIF                               spi
ASxxxx Linker V03.00/V05.40 + sdld,  page 7.
Hexadecimal  [32-Bits]

Area                                    Addr        Size        Decimal Bytes (Attributes)
--------------------------------        ----        ----        ------- ----- ------------
.  .ABS.                            00000000    00000000 =           0. bytes (ABS,CON)

      Value  Global                              Global Defined In Module
      -----  --------------------------------   ------------------------
     000000ED  _C2L                               spi
     000000ED  _ETGSEL1                           spi
     000000EE  _ADCS                              spi
     000000EE  _C2H                               spi
     000000EF  _ADCF                              spi
     000000EF  _EIP                               spi
     000000F0  _B                                 spi
     000000F1  _CAPCON3                           spi
     000000F2  _CAPCON4                           spi
     000000F3  _SPCR                              spi
     000000F3  _SPCR2                             spi
     000000F4  _SPSR                              spi
     000000F5  _SPDR                              spi
     000000F6  _AINDIDS                           spi
     000000F7  _EIPH                              spi
     000000F8  _RI_1                              spi
     000000F8  _SCON_1                            spi
     000000F9  _PDTEN                             spi
     000000F9  _TI_1                              spi
     000000FA  _PDTCNT                            spi
     000000FA  _RB8_1                             spi
     000000FB  _PMEN                              spi
     000000FB  _TB8_1                             spi
     000000FC  _PMD                               spi
     000000FC  _REN_1                             spi
     000000FD  _SM2_1                             spi
     000000FE  _EIP1                              spi
     000000FE  _SM1_1                             spi
     000000FF  _EIPH1                             spi
     000000FF  _FE_1                              spi
     000000FF  _SM0_1                             spi
ASxxxx Linker V03.00/V05.40 + sdld,  page 8.
Hexadecimal  [32-Bits]

Area                                    Addr        Size        Decimal Bytes (Attributes)
--------------------------------        ----        ----        ------- ----- ------------
REG_BANK_0                          00000000    00000008 =           8. bytes (REL,OVR)

      Value  Global                              Global Defined In Module
      -----  --------------------------------   ------------------------
ASxxxx Linker V03.00/V05.40 + sdld,  page 9.
Hexadecimal  [32-Bits]

Area                                    Addr        Size        Decimal Bytes (Attributes)
--------------------------------        ----        ----        ------- ----- ------------
DSEG                                00000000    00000080 =         128. bytes (REL,CON)

      Value  Global                              Global Defined In Module
      -----  --------------------------------   ------------------------
     00000008  _u8Data                            main

ASxxxx Linker V03.00/V05.40 + sdld,  page 10.
Hexadecimal  [32-Bits]

Area                                    Addr        Size        Decimal Bytes (Attributes)
--------------------------------        ----        ----        ------- ----- ------------
OSEG                                00000010    00000002 =           2. bytes (REL,OVR)

      Value  Global                              Global Defined In Module
      -----  --------------------------------   ------------------------
     00000010  _DelayT0_PARM_2                    delay

ASxxxx Linker V03.00/V05.40 + sdld,  page 11.
Hexadecimal  [32-Bits]

Area                                    Addr        Size        Decimal Bytes (Attributes)
--------------------------------        ----        ----        ------- ----- ------------
SSEG                                00000012    000000EE =         238. bytes (REL,OVR)

      Value  Global                              Global Defined In Module
      -----  --------------------------------   ------------------------
     00000012  __start__stack                     main

ASxxxx Linker V03.00/V05.40 + sdld,  page 12.
Hexadecimal  [32-Bits]

Area                                    Addr        Size        Decimal Bytes (Attributes)
--------------------------------        ----        ----        ------- ----- ------------
HOME                                00000000    00000006 =           6. bytes (REL,CON,CODE)

      Value  Global                              Global Defined In Module
      -----  --------------------------------   ------------------------
C:   00000003  __sdcc_program_startup             main

ASxxxx Linker V03.00/V05.40 + sdld,  page 13.
Hexadecimal  [32-Bits]

Area                                    Addr        Size        Decimal Bytes (Attributes)
--------------------------------        ----        ----        ------- ----- ------------
GSINIT0                             00000006    00000003 =           3. bytes (REL,CON,CODE)

      Value  Global                              Global Defined In Module
      -----  --------------------------------   ------------------------
C:   00000006  __sdcc_gsinit_startup              

ASxxxx Linker V03.00/V05.40 + sdld,  page 14.
Hexadecimal  [32-Bits]

Area                                    Addr        Size        Decimal Bytes (Attributes)
--------------------------------        ----        ----        ------- ----- ------------
GSINIT2                             00000009    0000000A =          10. bytes (REL,CON,CODE)

      Value  Global                              Global Defined In Module
      -----  --------------------------------   ------------------------
ASxxxx Linker V03.00/V05.40 + sdld,  page 15.
Hexadecimal  [32-Bits]

Area                                    Addr        Size        Decimal Bytes (Attributes)
--------------------------------        ----        ----        ------- ----- ------------
GSINIT3                             00000013    00000022 =          34. bytes (REL,CON,CODE)

      Value  Global                              Global Defined In Module
      -----  --------------------------------   ------------------------
C:   00000013  __mcs51_genXINIT                   

ASxxxx Linker V03.00/V05.40 + sdld,  page 16.
Hexadecimal  [32-Bits]

Area                                    Addr        Size        Decimal Bytes (Attributes)
--------------------------------        ----        ----        ------- ----- ------------
GSINIT4                             00000035    0000002A =          42. bytes (REL,CON,CODE)

      Value  Global                              Global Defined In Module
      -----  --------------------------------   ------------------------
C:   00000035  __mcs51_genRAMCLEAR                
C:   0000003B  __mcs51_genXRAMCLEAR               

ASxxxx Linker V03.00/V05.40 + sdld,  page 17.
Hexadecimal  [32-Bits]

Area                                    Addr        Size        Decimal Bytes (Attributes)
--------------------------------        ----        ----        ------- ----- ------------
GSINIT                              0000005F    00000018 =          24. bytes (REL,CON,CODE)

      Value  Global                              Global Defined In Module
      -----  --------------------------------   ------------------------
ASxxxx Linker V03.00/V05.40 + sdld,  page 18.
Hexadecimal  [32-Bits]

Area                                    Addr        Size        Decimal Bytes (Attributes)
--------------------------------        ----        ----        ------- ----- ------------
GSFINAL                             00000077    00000003 =           3. bytes (REL,CON,CODE)

      Value  Global                              Global Defined In Module
      -----  --------------------------------   ------------------------
ASxxxx Linker V03.00/V05.40 + sdld,  page 19.
Hexadecimal  [32-Bits]

Area                                    Addr        Size        Decimal Bytes (Attributes)
--------------------------------        ----        ----        ------- ----- ------------
CSEG                                0000007A    000001A6 =         422. bytes (REL,CON,CODE)

      Value  Global                              Global Defined In Module
      -----  --------------------------------   ------------------------
C:   0000007A  _main                              main
C:   00000178  _DelayT0_Init                      delay
C:   00000182  _DelayT0                           delay
C:   000001D0  _SPI_Init                          spi
C:   00000210  _SPI_Send                          spi
C:   0000021C  ___sdcc_external_startup           _startup
ASxxxx Linker V03.00/V05.40 + sdld,  page 20.

Files Linked                              [ module(s) ]

obj/main.rel                              [  ]
obj/delay.rel                             [  ]
obj/spi.rel                               [  ]


Libraries Linked                          [ object file ]

C:\Program Files\SDCC\bin\..\lib\small/mcs51.lib
                                          [ crtclear.rel ]
C:\Program Files\SDCC\bin\..\lib\small/mcs51.lib
                                          [ crtxinit.rel ]
C:\Program Files\SDCC\bin\..\lib\small/mcs51.lib
                                          [ crtxclear.rel ]
C:\Program Files\SDCC\bin\..\lib\small/mcs51.lib
                                          [ crtpagesfr.rel ]
C:\Program Files\SDCC\bin\..\lib\small/mcs51.lib
                                          [ crtstart.rel ]
C:\Program Files\SDCC\bin\..\lib\small/libsdcc.lib
                                          [ _startup.rel ]

ASxxxx Linker V03.00/V05.40 + sdld,  page 21.

User Base Address Definitions

HOME = 0x0000
ISEG = 0x0000
BSEG = 0x0000

