ASxxxx Linker V03.00/V05.40 + sdld,  page 1.
Hexadecimal  [32-Bits]

Area                                    Addr        Size        Decimal Bytes (Attributes)
--------------------------------        ----        ----        ------- ----- ------------
CABS                                00000000    00000000 =           0. bytes (ABS,CON,CODE)

      Value  Global                              Global Defined In Module
      -----  --------------------------------   ------------------------
C:   00000000  l_BIT_BANK                      
C:   00000000  l_BSEG                          
C:   00000000  l_BSEG_BYTES                    
C:   00000000  l_CABS                          
C:   00000000  l_CONST                         
C:   00000000  l_GSINIT                        
C:   00000000  l_GSINIT1                       
C:   00000000  l_GSINIT5                       
C:   00000000  l_IABS                          
C:   00000000  l_ISEG                          
C:   00000000  l_OSEG                          
C:   00000000  l_PSEG                          
C:   00000000  l_REG_BANK_1                    
C:   00000000  l_REG_BANK_2                    
C:   00000000  l_REG_BANK_3                    
C:   00000000  l_RSEG                          
C:   00000000  l_RSEG0                         
C:   00000000  l_RSEG1                         
C:   00000000  l_XABS                          
C:   00000000  l_XINIT                         
C:   00000000  l_XISEG                         
C:   00000000  l_XSEG                          
C:   00000000  l__CODE                         
C:   00000000  s_BSEG                          
C:   00000000  s_CABS                          
C:   00000000  s_DSEG                          
C:   00000000  s_HOME                          
C:   00000000  s_IABS                          
C:   00000000  s_ISEG                          
C:   00000000  s_REG_BANK_0                    
C:   00000000  s_RSEG                          
C:   00000000  s_RSEG0                         
C:   00000000  s_RSEG1                         
C:   00000000  s_XABS                          
C:   00000001  s_PSEG                          
C:   00000001  s_XISEG                         
C:   00000001  s_XSEG                          
C:   00000003  l_GSFINAL                       
C:   00000003  l_GSINIT0                       
C:   00000006  l_HOME                          
C:   00000006  s_GSINIT0                       
C:   00000008  l_REG_BANK_0                    
C:   00000008  s_REG_BANK_1                    
C:   00000008  s_SSEG                          
C:   00000009  s_GSINIT1                       
C:   00000009  s_GSINIT2                       
C:   0000000A  l_GSINIT2                       
C:   00000010  s_REG_BANK_2                    
C:   00000013  s_GSINIT3                       
C:   00000018  s_BIT_BANK                      
ASxxxx Linker V03.00/V05.40 + sdld,  page 2.
Hexadecimal  [32-Bits]

Area                                    Addr        Size        Decimal Bytes (Attributes)
--------------------------------        ----        ----        ------- ----- ------------
CABS                                00000000    00000000 =           0. bytes (ABS,CON,CODE)

      Value  Global                              Global Defined In Module
      -----  --------------------------------   ------------------------
C:   00000018  s_OSEG                          
C:   00000018  s_REG_BANK_3                    
C:   00000020  s_BSEG_BYTES                    
C:   00000020  s__CODE                         
C:   00000022  l_GSINIT3                       
C:   0000002A  l_GSINIT4                       
C:   00000035  s_GSINIT4                       
C:   0000005F  s_GSFINAL                       
C:   0000005F  s_GSINIT                        
C:   0000005F  s_GSINIT5                       
C:   00000062  s_CSEG                          
C:   00000080  l_DSEG                          
C:   00000098  l_CSEG                          
C:   000000F8  l_SSEG                          
C:   000000FA  s_CONST                         
C:   000000FA  s_XINIT                         
C:   00000100  l_IRAM                          

ASxxxx Linker V03.00/V05.40 + sdld,  page 3.
Hexadecimal  [32-Bits]

Area                                    Addr        Size        Decimal Bytes (Attributes)
--------------------------------        ----        ----        ------- ----- ------------
.  .ABS.                            00000000    00000000 =           0. bytes (ABS,CON)

      Value  Global                              Global Defined In Module
      -----  --------------------------------   ------------------------
     00000000  .__.ABS.                           _startup
     00000080  _MOSI                              pwm
     00000080  _P0                                pwm
     00000080  _P00                               pwm
     00000081  _MISO                              pwm
     00000081  _P01                               pwm
     00000081  _SP                                pwm
     00000082  _DPL                               pwm
     00000082  _P02                               pwm
     00000082  _RXD_1                             pwm
     00000083  _DPH                               pwm
     00000083  _P03                               pwm
     00000084  _P04                               pwm
     00000084  _RCTRIM0                           pwm
     00000084  _STADC                             pwm
     00000085  _P05                               pwm
     00000085  _RCTRIM1                           pwm
     00000086  _P06                               pwm
     00000086  _RWK                               pwm
     00000086  _TXD                               pwm
     00000087  _P07                               pwm
     00000087  _PCON                              pwm
     00000087  _RXD                               pwm
     00000088  _IT0                               pwm
     00000088  _TCON                              pwm
     00000089  _IE0                               pwm
     00000089  _TMOD                              pwm
     0000008A  _IT1                               pwm
     0000008A  _TL0                               pwm
     0000008B  _IE1                               pwm
     0000008B  _TL1                               pwm
     0000008C  _TH0                               pwm
     0000008C  _TR0                               pwm
     0000008D  _TF0                               pwm
     0000008D  _TH1                               pwm
     0000008E  _CKCON                             pwm
     0000008E  _TR1                               pwm
     0000008F  _TF1                               pwm
     0000008F  _WKCON                             pwm
     00000090  _P1                                pwm
     00000090  _P10                               pwm
     00000091  _P11                               pwm
     00000091  _SFRS                              pwm
     00000092  _CAPCON0                           pwm
     00000092  _P12                               pwm
     00000093  _CAPCON1                           pwm
     00000093  _P13                               pwm
     00000093  _SCL                               pwm
     00000094  _CAPCON2                           pwm
     00000094  _P14                               pwm
ASxxxx Linker V03.00/V05.40 + sdld,  page 4.
Hexadecimal  [32-Bits]

Area                                    Addr        Size        Decimal Bytes (Attributes)
--------------------------------        ----        ----        ------- ----- ------------
.  .ABS.                            00000000    00000000 =           0. bytes (ABS,CON)

      Value  Global                              Global Defined In Module
      -----  --------------------------------   ------------------------
     00000094  _SDA                               pwm
     00000095  _CKDIV                             pwm
     00000095  _P15                               pwm
     00000096  _CKSWT                             pwm
     00000096  _P16                               pwm
     00000096  _TXD_1                             pwm
     00000097  _CKEN                              pwm
     00000097  _P17                               pwm
     00000098  _RI                                pwm
     00000098  _SCON                              pwm
     00000099  _SBUF                              pwm
     00000099  _TI                                pwm
     0000009A  _RB8                               pwm
     0000009A  _SBUF_1                            pwm
     0000009B  _EIE                               pwm
     0000009B  _TB8                               pwm
     0000009C  _EIE1                              pwm
     0000009C  _REN                               pwm
     0000009D  _SM2                               pwm
     0000009E  _SM1                               pwm
     0000009F  _CHPCON                            pwm
     0000009F  _FE                                pwm
     0000009F  _SM0                               pwm
     000000A0  _P2                                pwm
     000000A0  _P20                               pwm
     000000A0  __XPAGE                            
     000000A2  _AUXR1                             pwm
     000000A3  _BODCON0                           pwm
     000000A4  _IAPTRG                            pwm
     000000A5  _IAPUEN                            pwm
     000000A6  _IAPAL                             pwm
     000000A7  _IAPAH                             pwm
     000000A8  _EX0                               pwm
     000000A8  _IE                                pwm
     000000A9  _ET0                               pwm
     000000A9  _SADDR                             pwm
     000000AA  _EX1                               pwm
     000000AA  _WDCON                             pwm
     000000AB  _BODCON1                           pwm
     000000AB  _ET1                               pwm
     000000AC  _ES                                pwm
     000000AC  _P3M1                              pwm
     000000AC  _P3S                               pwm
     000000AD  _EBOD                              pwm
     000000AD  _P3M2                              pwm
     000000AD  _P3SR                              pwm
     000000AE  _EADC                              pwm
     000000AE  _IAPFD                             pwm
     000000AF  _EA                                pwm
     000000AF  _IAPCN                             pwm
     000000B0  _P3                                pwm
ASxxxx Linker V03.00/V05.40 + sdld,  page 5.
Hexadecimal  [32-Bits]

Area                                    Addr        Size        Decimal Bytes (Attributes)
--------------------------------        ----        ----        ------- ----- ------------
.  .ABS.                            00000000    00000000 =           0. bytes (ABS,CON)

      Value  Global                              Global Defined In Module
      -----  --------------------------------   ------------------------
     000000B0  _P30                               pwm
     000000B1  _P0M1                              pwm
     000000B1  _P0S                               pwm
     000000B2  _P0M2                              pwm
     000000B2  _P0SR                              pwm
     000000B3  _P1M1                              pwm
     000000B3  _P1S                               pwm
     000000B4  _P1M2                              pwm
     000000B4  _P1SR                              pwm
     000000B5  _P2S                               pwm
     000000B7  _IPH                               pwm
     000000B7  _PWMINTC                           pwm
     000000B8  _IP                                pwm
     000000B8  _PX0                               pwm
     000000B9  _PT0                               pwm
     000000B9  _SADEN                             pwm
     000000BA  _PX1                               pwm
     000000BA  _SADEN_1                           pwm
     000000BB  _PT1                               pwm
     000000BB  _SADDR_1                           pwm
     000000BC  _I2DAT                             pwm
     000000BC  _PS                                pwm
     000000BD  _I2STAT                            pwm
     000000BD  _PBOD                              pwm
     000000BE  _I2CLK                             pwm
     000000BE  _PADC                              pwm
     000000BF  _I2TOC                             pwm
     000000C0  _I2CON                             pwm
     000000C0  _I2CPX                             pwm
     000000C1  _I2ADDR                            pwm
     000000C2  _AA                                pwm
     000000C2  _ADCRL                             pwm
     000000C3  _ADCRH                             pwm
     000000C3  _SI                                pwm
     000000C4  _PWM4H                             pwm
     000000C4  _STO                               pwm
     000000C4  _T3CON                             pwm
     000000C5  _PWM5H                             pwm
     000000C5  _RL3                               pwm
     000000C5  _STA                               pwm
     000000C6  _I2CEN                             pwm
     000000C6  _PIOCON1                           pwm
     000000C6  _RH3                               pwm
     000000C7  _TA                                pwm
     000000C8  _CM_RL2                            pwm
     000000C8  _T2CON                             pwm
     000000C9  _T2MOD                             pwm
     000000CA  _RCMP2L                            pwm
     000000CA  _TR2                               pwm
     000000CB  _RCMP2H                            pwm
     000000CC  _PWM4L                             pwm
ASxxxx Linker V03.00/V05.40 + sdld,  page 6.
Hexadecimal  [32-Bits]

Area                                    Addr        Size        Decimal Bytes (Attributes)
--------------------------------        ----        ----        ------- ----- ------------
.  .ABS.                            00000000    00000000 =           0. bytes (ABS,CON)

      Value  Global                              Global Defined In Module
      -----  --------------------------------   ------------------------
     000000CC  _TL2                               pwm
     000000CD  _PWM5L                             pwm
     000000CD  _TH2                               pwm
     000000CE  _ADCMPL                            pwm
     000000CF  _ADCMPH                            pwm
     000000CF  _TF2                               pwm
     000000D0  _P                                 pwm
     000000D0  _PSW                               pwm
     000000D1  _PWMPH                             pwm
     000000D2  _OV                                pwm
     000000D2  _PWM0H                             pwm
     000000D3  _PWM1H                             pwm
     000000D3  _RS0                               pwm
     000000D4  _PWM2H                             pwm
     000000D4  _RS1                               pwm
     000000D5  _F0                                pwm
     000000D5  _PWM3H                             pwm
     000000D6  _AC                                pwm
     000000D6  _PNP                               pwm
     000000D7  _CY                                pwm
     000000D7  _FBD                               pwm
     000000D8  _PWMCON0                           pwm
     000000D9  _PWMPL                             pwm
     000000DA  _PWM0L                             pwm
     000000DB  _PWM1L                             pwm
     000000DC  _CLRPWM                            pwm
     000000DC  _PWM2L                             pwm
     000000DD  _PWM3L                             pwm
     000000DD  _PWMF                              pwm
     000000DE  _LOAD                              pwm
     000000DE  _PIOCON0                           pwm
     000000DF  _PWMCON1                           pwm
     000000DF  _PWMRUN                            pwm
     000000E0  _ACC                               pwm
     000000E1  _ADCCON1                           pwm
     000000E2  _ADCCON2                           pwm
     000000E3  _ADCDLY                            pwm
     000000E4  _C0L                               pwm
     000000E5  _C0H                               pwm
     000000E6  _C1L                               pwm
     000000E7  _C1H                               pwm
     000000E8  _ADCCON0                           pwm
     000000E8  _ADCHS0                            pwm
     000000E9  _ADCHS1                            pwm
     000000E9  _PICON                             pwm
     000000EA  _ADCHS2                            pwm
     000000EA  _PINEN                             pwm
     000000EB  _ADCHS3                            pwm
     000000EB  _PIPEN                             pwm
     000000EC  _ETGSEL0                           pwm
     000000EC  _PIF                               pwm
ASxxxx Linker V03.00/V05.40 + sdld,  page 7.
Hexadecimal  [32-Bits]

Area                                    Addr        Size        Decimal Bytes (Attributes)
--------------------------------        ----        ----        ------- ----- ------------
.  .ABS.                            00000000    00000000 =           0. bytes (ABS,CON)

      Value  Global                              Global Defined In Module
      -----  --------------------------------   ------------------------
     000000ED  _C2L                               pwm
     000000ED  _ETGSEL1                           pwm
     000000EE  _ADCS                              pwm
     000000EE  _C2H                               pwm
     000000EF  _ADCF                              pwm
     000000EF  _EIP                               pwm
     000000F0  _B                                 pwm
     000000F1  _CAPCON3                           pwm
     000000F2  _CAPCON4                           pwm
     000000F3  _SPCR                              pwm
     000000F3  _SPCR2                             pwm
     000000F4  _SPSR                              pwm
     000000F5  _SPDR                              pwm
     000000F6  _AINDIDS                           pwm
     000000F7  _EIPH                              pwm
     000000F8  _RI_1                              pwm
     000000F8  _SCON_1                            pwm
     000000F9  _PDTEN                             pwm
     000000F9  _TI_1                              pwm
     000000FA  _PDTCNT                            pwm
     000000FA  _RB8_1                             pwm
     000000FB  _PMEN                              pwm
     000000FB  _TB8_1                             pwm
     000000FC  _PMD                               pwm
     000000FC  _REN_1                             pwm
     000000FD  _SM2_1                             pwm
     000000FE  _EIP1                              pwm
     000000FE  _SM1_1                             pwm
     000000FF  _EIPH1                             pwm
     000000FF  _FE_1                              pwm
     000000FF  _SM0_1                             pwm
ASxxxx Linker V03.00/V05.40 + sdld,  page 8.
Hexadecimal  [32-Bits]

Area                                    Addr        Size        Decimal Bytes (Attributes)
--------------------------------        ----        ----        ------- ----- ------------
REG_BANK_0                          00000000    00000008 =           8. bytes (REL,OVR)

      Value  Global                              Global Defined In Module
      -----  --------------------------------   ------------------------
ASxxxx Linker V03.00/V05.40 + sdld,  page 9.
Hexadecimal  [32-Bits]

Area                                    Addr        Size        Decimal Bytes (Attributes)
--------------------------------        ----        ----        ------- ----- ------------
DSEG                                00000000    00000080 =         128. bytes (REL,CON)

      Value  Global                              Global Defined In Module
      -----  --------------------------------   ------------------------
ASxxxx Linker V03.00/V05.40 + sdld,  page 10.
Hexadecimal  [32-Bits]

Area                                    Addr        Size        Decimal Bytes (Attributes)
--------------------------------        ----        ----        ------- ----- ------------
SSEG                                00000008    000000F8 =         248. bytes (REL,OVR)

      Value  Global                              Global Defined In Module
      -----  --------------------------------   ------------------------
     00000008  __start__stack                     main

ASxxxx Linker V03.00/V05.40 + sdld,  page 11.
Hexadecimal  [32-Bits]

Area                                    Addr        Size        Decimal Bytes (Attributes)
--------------------------------        ----        ----        ------- ----- ------------
HOME                                00000000    00000006 =           6. bytes (REL,CON,CODE)

      Value  Global                              Global Defined In Module
      -----  --------------------------------   ------------------------
C:   00000003  __sdcc_program_startup             main

ASxxxx Linker V03.00/V05.40 + sdld,  page 12.
Hexadecimal  [32-Bits]

Area                                    Addr        Size        Decimal Bytes (Attributes)
--------------------------------        ----        ----        ------- ----- ------------
GSINIT0                             00000006    00000003 =           3. bytes (REL,CON,CODE)

      Value  Global                              Global Defined In Module
      -----  --------------------------------   ------------------------
C:   00000006  __sdcc_gsinit_startup              

ASxxxx Linker V03.00/V05.40 + sdld,  page 13.
Hexadecimal  [32-Bits]

Area                                    Addr        Size        Decimal Bytes (Attributes)
--------------------------------        ----        ----        ------- ----- ------------
GSINIT2                             00000009    0000000A =          10. bytes (REL,CON,CODE)

      Value  Global                              Global Defined In Module
      -----  --------------------------------   ------------------------
ASxxxx Linker V03.00/V05.40 + sdld,  page 14.
Hexadecimal  [32-Bits]

Area                                    Addr        Size        Decimal Bytes (Attributes)
--------------------------------        ----        ----        ------- ----- ------------
GSINIT3                             00000013    00000022 =          34. bytes (REL,CON,CODE)

      Value  Global                              Global Defined In Module
      -----  --------------------------------   ------------------------
C:   00000013  __mcs51_genXINIT                   

ASxxxx Linker V03.00/V05.40 + sdld,  page 15.
Hexadecimal  [32-Bits]

Area                                    Addr        Size        Decimal Bytes (Attributes)
--------------------------------        ----        ----        ------- ----- ------------
GSINIT4                             00000035    0000002A =          42. bytes (REL,CON,CODE)

      Value  Global                              Global Defined In Module
      -----  --------------------------------   ------------------------
C:   00000035  __mcs51_genRAMCLEAR                
C:   0000003B  __mcs51_genXRAMCLEAR               

ASxxxx Linker V03.00/V05.40 + sdld,  page 16.
Hexadecimal  [32-Bits]

Area                                    Addr        Size        Decimal Bytes (Attributes)
--------------------------------        ----        ----        ------- ----- ------------
GSFINAL                             0000005F    00000003 =           3. bytes (REL,CON,CODE)

      Value  Global                              Global Defined In Module
      -----  --------------------------------   ------------------------
ASxxxx Linker V03.00/V05.40 + sdld,  page 17.
Hexadecimal  [32-Bits]

Area                                    Addr        Size        Decimal Bytes (Attributes)
--------------------------------        ----        ----        ------- ----- ------------
CSEG                                00000062    00000098 =         152. bytes (REL,CON,CODE)

      Value  Global                              Global Defined In Module
      -----  --------------------------------   ------------------------
C:   00000062  _main                              main
C:   0000007D  _GPIO_Init                         gpio
C:   00000084  _Delay_Init                        delay
C:   00000094  _Delay_Ms                          delay
C:   000000D3  _PWM_Init                          pwm
C:   000000F6  ___sdcc_external_startup           _startup
ASxxxx Linker V03.00/V05.40 + sdld,  page 18.

Files Linked                              [ module(s) ]

obj/main.rel                              [  ]
obj/gpio.rel                              [  ]
obj/delay.rel                             [  ]
obj/pwm.rel                               [  ]


Libraries Linked                          [ object file ]

C:\Program Files\SDCC\bin\..\lib\small/mcs51.lib
                                          [ crtclear.rel ]
C:\Program Files\SDCC\bin\..\lib\small/mcs51.lib
                                          [ crtxinit.rel ]
C:\Program Files\SDCC\bin\..\lib\small/mcs51.lib
                                          [ crtxclear.rel ]
C:\Program Files\SDCC\bin\..\lib\small/mcs51.lib
                                          [ crtpagesfr.rel ]
C:\Program Files\SDCC\bin\..\lib\small/mcs51.lib
                                          [ crtstart.rel ]
C:\Program Files\SDCC\bin\..\lib\small/libsdcc.lib
                                          [ _startup.rel ]

ASxxxx Linker V03.00/V05.40 + sdld,  page 19.

User Base Address Definitions

HOME = 0x0000
XSEG = 0x0001
PSEG = 0x0001
ISEG = 0x0000
BSEG = 0x0000

