ASxxxx Linker V03.00/V05.40 + sdld,  page 1.
Hexadecimal  [32-Bits]

Area                                    Addr        Size        Decimal Bytes (Attributes)
--------------------------------        ----        ----        ------- ----- ------------
CABS                                00000000    00000000 =           0. bytes (ABS,CON,CODE)

      Value  Global                              Global Defined In Module
      -----  --------------------------------   ------------------------
C:   00000000  l_BIT_BANK                      
C:   00000000  l_CABS                          
C:   00000000  l_GSINIT1                       
C:   00000000  l_GSINIT5                       
C:   00000000  l_IABS                          
C:   00000000  l_ISEG                          
C:   00000000  l_PSEG                          
C:   00000000  l_REG_BANK_1                    
C:   00000000  l_REG_BANK_2                    
C:   00000000  l_REG_BANK_3                    
C:   00000000  l_RSEG                          
C:   00000000  l_RSEG0                         
C:   00000000  l_RSEG1                         
C:   00000000  l_XABS                          
C:   00000000  l_XINIT                         
C:   00000000  l_XISEG                         
C:   00000000  l_XSEG                          
C:   00000000  l__CODE                         
C:   00000000  s_BSEG                          
C:   00000000  s_CABS                          
C:   00000000  s_DSEG                          
C:   00000000  s_HOME                          
C:   00000000  s_IABS                          
C:   00000000  s_ISEG                          
C:   00000000  s_PSEG                          
C:   00000000  s_REG_BANK_0                    
C:   00000000  s_RSEG                          
C:   00000000  s_RSEG0                         
C:   00000000  s_RSEG1                         
C:   00000000  s_XABS                          
C:   00000000  s_XISEG                         
C:   00000000  s_XSEG                          
C:   00000001  l_BSEG                          
C:   00000001  l_BSEG_BYTES                    
C:   00000003  l_GSFINAL                       
C:   00000003  l_GSINIT                        
C:   00000003  l_GSINIT0                       
C:   00000006  l_HOME                          
C:   00000006  s_GSINIT0                       
C:   00000008  l_REG_BANK_0                    
C:   00000008  s_REG_BANK_1                    
C:   00000009  s_GSINIT1                       
C:   00000009  s_GSINIT2                       
C:   0000000A  l_GSINIT2                       
C:   0000000B  l_OSEG                          
C:   00000010  l_CONST                         
C:   00000010  s_REG_BANK_2                    
C:   00000013  s_GSINIT3                       
C:   00000013  s_OSEG                          
C:   00000018  s_BIT_BANK                      
ASxxxx Linker V03.00/V05.40 + sdld,  page 2.
Hexadecimal  [32-Bits]

Area                                    Addr        Size        Decimal Bytes (Attributes)
--------------------------------        ----        ----        ------- ----- ------------
CABS                                00000000    00000000 =           0. bytes (ABS,CON,CODE)

      Value  Global                              Global Defined In Module
      -----  --------------------------------   ------------------------
C:   00000018  s_REG_BANK_3                    
C:   00000020  s_BSEG_BYTES                    
C:   00000020  s__CODE                         
C:   00000022  l_GSINIT3                       
C:   0000002A  l_GSINIT4                       
C:   00000035  s_GSINIT4                       
C:   00000048  s_SSEG                          
C:   0000005F  s_GSINIT                        
C:   0000005F  s_GSINIT5                       
C:   00000062  s_GSFINAL                       
C:   00000065  s_CSEG                          
C:   0000007E  l_DSEG                          
C:   000000B8  l_SSEG                          
C:   00000100  l_IRAM                          
C:   000013F5  l_CSEG                          
C:   0000145A  s_CONST                         
C:   0000146A  s_XINIT                         

ASxxxx Linker V03.00/V05.40 + sdld,  page 3.
Hexadecimal  [32-Bits]

Area                                    Addr        Size        Decimal Bytes (Attributes)
--------------------------------        ----        ----        ------- ----- ------------
.  .ABS.                            00000000    00000000 =           0. bytes (ABS,CON)

      Value  Global                              Global Defined In Module
      -----  --------------------------------   ------------------------
     00000000  .__.ABS.                           _startup
     00000080  _MOSI                              uart0
     00000080  _P0                                uart0
     00000080  _P00                               uart0
     00000081  _MISO                              uart0
     00000081  _P01                               uart0
     00000081  _SP                                uart0
     00000082  _DPL                               uart0
     00000082  _P02                               uart0
     00000082  _RXD_1                             uart0
     00000083  _DPH                               uart0
     00000083  _P03                               uart0
     00000084  _P04                               uart0
     00000084  _RCTRIM0                           uart0
     00000084  _STADC                             uart0
     00000085  _P05                               uart0
     00000085  _RCTRIM1                           uart0
     00000086  _P06                               uart0
     00000086  _RWK                               uart0
     00000086  _TXD                               uart0
     00000087  _P07                               uart0
     00000087  _PCON                              uart0
     00000087  _RXD                               uart0
     00000088  _IT0                               uart0
     00000088  _TCON                              uart0
     00000089  _IE0                               uart0
     00000089  _TMOD                              uart0
     0000008A  _IT1                               uart0
     0000008A  _TL0                               uart0
     0000008B  _IE1                               uart0
     0000008B  _TL1                               uart0
     0000008C  _TH0                               uart0
     0000008C  _TR0                               uart0
     0000008D  _TF0                               uart0
     0000008D  _TH1                               uart0
     0000008E  _CKCON                             uart0
     0000008E  _TR1                               uart0
     0000008F  _TF1                               uart0
     0000008F  _WKCON                             uart0
     00000090  _P1                                uart0
     00000090  _P10                               uart0
     00000091  _P11                               uart0
     00000091  _SFRS                              uart0
     00000092  _CAPCON0                           uart0
     00000092  _P12                               uart0
     00000093  _CAPCON1                           uart0
     00000093  _P13                               uart0
     00000093  _SCL                               uart0
     00000094  _CAPCON2                           uart0
     00000094  _P14                               uart0
ASxxxx Linker V03.00/V05.40 + sdld,  page 4.
Hexadecimal  [32-Bits]

Area                                    Addr        Size        Decimal Bytes (Attributes)
--------------------------------        ----        ----        ------- ----- ------------
.  .ABS.                            00000000    00000000 =           0. bytes (ABS,CON)

      Value  Global                              Global Defined In Module
      -----  --------------------------------   ------------------------
     00000094  _SDA                               uart0
     00000095  _CKDIV                             uart0
     00000095  _P15                               uart0
     00000096  _CKSWT                             uart0
     00000096  _P16                               uart0
     00000096  _TXD_1                             uart0
     00000097  _CKEN                              uart0
     00000097  _P17                               uart0
     00000098  _RI                                uart0
     00000098  _SCON                              uart0
     00000099  _SBUF                              uart0
     00000099  _TI                                uart0
     0000009A  _RB8                               uart0
     0000009A  _SBUF_1                            uart0
     0000009B  _EIE                               uart0
     0000009B  _TB8                               uart0
     0000009C  _EIE1                              uart0
     0000009C  _REN                               uart0
     0000009D  _SM2                               uart0
     0000009E  _SM1                               uart0
     0000009F  _CHPCON                            uart0
     0000009F  _FE                                uart0
     0000009F  _SM0                               uart0
     000000A0  _P2                                uart0
     000000A0  _P20                               uart0
     000000A0  __XPAGE                            
     000000A2  _AUXR1                             uart0
     000000A3  _BODCON0                           uart0
     000000A4  _IAPTRG                            uart0
     000000A5  _IAPUEN                            uart0
     000000A6  _IAPAL                             uart0
     000000A7  _IAPAH                             uart0
     000000A8  _EX0                               uart0
     000000A8  _IE                                uart0
     000000A9  _ET0                               uart0
     000000A9  _SADDR                             uart0
     000000AA  _EX1                               uart0
     000000AA  _WDCON                             uart0
     000000AB  _BODCON1                           uart0
     000000AB  _ET1                               uart0
     000000AC  _ES                                uart0
     000000AC  _P3M1                              uart0
     000000AC  _P3S                               uart0
     000000AD  _EBOD                              uart0
     000000AD  _P3M2                              uart0
     000000AD  _P3SR                              uart0
     000000AE  _EADC                              uart0
     000000AE  _IAPFD                             uart0
     000000AF  _EA                                uart0
     000000AF  _IAPCN                             uart0
     000000B0  _P3                                uart0
ASxxxx Linker V03.00/V05.40 + sdld,  page 5.
Hexadecimal  [32-Bits]

Area                                    Addr        Size        Decimal Bytes (Attributes)
--------------------------------        ----        ----        ------- ----- ------------
.  .ABS.                            00000000    00000000 =           0. bytes (ABS,CON)

      Value  Global                              Global Defined In Module
      -----  --------------------------------   ------------------------
     000000B0  _P30                               uart0
     000000B1  _P0M1                              uart0
     000000B1  _P0S                               uart0
     000000B2  _P0M2                              uart0
     000000B2  _P0SR                              uart0
     000000B3  _P1M1                              uart0
     000000B3  _P1S                               uart0
     000000B4  _P1M2                              uart0
     000000B4  _P1SR                              uart0
     000000B5  _P2S                               uart0
     000000B7  _IPH                               uart0
     000000B7  _PWMINTC                           uart0
     000000B8  _IP                                uart0
     000000B8  _PX0                               uart0
     000000B9  _PT0                               uart0
     000000B9  _SADEN                             uart0
     000000BA  _PX1                               uart0
     000000BA  _SADEN_1                           uart0
     000000BB  _PT1                               uart0
     000000BB  _SADDR_1                           uart0
     000000BC  _I2DAT                             uart0
     000000BC  _PS                                uart0
     000000BD  _I2STAT                            uart0
     000000BD  _PBOD                              uart0
     000000BE  _I2CLK                             uart0
     000000BE  _PADC                              uart0
     000000BF  _I2TOC                             uart0
     000000C0  _I2CON                             uart0
     000000C0  _I2CPX                             uart0
     000000C1  _I2ADDR                            uart0
     000000C2  _AA                                uart0
     000000C2  _ADCRL                             uart0
     000000C3  _ADCRH                             uart0
     000000C3  _SI                                uart0
     000000C4  _PWM4H                             uart0
     000000C4  _STO                               uart0
     000000C4  _T3CON                             uart0
     000000C5  _PWM5H                             uart0
     000000C5  _RL3                               uart0
     000000C5  _STA                               uart0
     000000C6  _I2CEN                             uart0
     000000C6  _PIOCON1                           uart0
     000000C6  _RH3                               uart0
     000000C7  _TA                                uart0
     000000C8  _CM_RL2                            uart0
     000000C8  _T2CON                             uart0
     000000C9  _T2MOD                             uart0
     000000CA  _RCMP2L                            uart0
     000000CA  _TR2                               uart0
     000000CB  _RCMP2H                            uart0
     000000CC  _PWM4L                             uart0
ASxxxx Linker V03.00/V05.40 + sdld,  page 6.
Hexadecimal  [32-Bits]

Area                                    Addr        Size        Decimal Bytes (Attributes)
--------------------------------        ----        ----        ------- ----- ------------
.  .ABS.                            00000000    00000000 =           0. bytes (ABS,CON)

      Value  Global                              Global Defined In Module
      -----  --------------------------------   ------------------------
     000000CC  _TL2                               uart0
     000000CD  _PWM5L                             uart0
     000000CD  _TH2                               uart0
     000000CE  _ADCMPL                            uart0
     000000CF  _ADCMPH                            uart0
     000000CF  _TF2                               uart0
     000000D0  _P                                 uart0
     000000D0  _PSW                               uart0
     000000D1  _PWMPH                             uart0
     000000D2  _OV                                uart0
     000000D2  _PWM0H                             uart0
     000000D3  _PWM1H                             uart0
     000000D3  _RS0                               uart0
     000000D4  _PWM2H                             uart0
     000000D4  _RS1                               uart0
     000000D5  _F0                                uart0
     000000D5  _PWM3H                             uart0
     000000D6  _AC                                uart0
     000000D6  _PNP                               uart0
     000000D7  _CY                                uart0
     000000D7  _FBD                               uart0
     000000D8  _PWMCON0                           uart0
     000000D9  _PWMPL                             uart0
     000000DA  _PWM0L                             uart0
     000000DB  _PWM1L                             uart0
     000000DC  _CLRPWM                            uart0
     000000DC  _PWM2L                             uart0
     000000DD  _PWM3L                             uart0
     000000DD  _PWMF                              uart0
     000000DE  _LOAD                              uart0
     000000DE  _PIOCON0                           uart0
     000000DF  _PWMCON1                           uart0
     000000DF  _PWMRUN                            uart0
     000000E0  _ACC                               uart0
     000000E1  _ADCCON1                           uart0
     000000E2  _ADCCON2                           uart0
     000000E3  _ADCDLY                            uart0
     000000E4  _C0L                               uart0
     000000E5  _C0H                               uart0
     000000E6  _C1L                               uart0
     000000E7  _C1H                               uart0
     000000E8  _ADCCON0                           uart0
     000000E8  _ADCHS0                            uart0
     000000E9  _ADCHS1                            uart0
     000000E9  _PICON                             uart0
     000000EA  _ADCHS2                            uart0
     000000EA  _PINEN                             uart0
     000000EB  _ADCHS3                            uart0
     000000EB  _PIPEN                             uart0
     000000EC  _ETGSEL0                           uart0
     000000EC  _PIF                               uart0
ASxxxx Linker V03.00/V05.40 + sdld,  page 7.
Hexadecimal  [32-Bits]

Area                                    Addr        Size        Decimal Bytes (Attributes)
--------------------------------        ----        ----        ------- ----- ------------
.  .ABS.                            00000000    00000000 =           0. bytes (ABS,CON)

      Value  Global                              Global Defined In Module
      -----  --------------------------------   ------------------------
     000000ED  _C2L                               uart0
     000000ED  _ETGSEL1                           uart0
     000000EE  _ADCS                              uart0
     000000EE  _C2H                               uart0
     000000EF  _ADCF                              uart0
     000000EF  _EIP                               uart0
     000000F0  _B                                 uart0
     000000F1  _CAPCON3                           uart0
     000000F2  _CAPCON4                           uart0
     000000F3  _SPCR                              uart0
     000000F3  _SPCR2                             uart0
     000000F4  _SPSR                              uart0
     000000F5  _B_5                               _gptrput
     000000F5  _SPDR                              uart0
     000000F6  _AINDIDS                           uart0
     000000F6  _B_6                               _gptrput
     000000F7  _B_7                               _gptrput
     000000F7  _EIPH                              uart0
     000000F8  _RI_1                              uart0
     000000F8  _SCON_1                            uart0
     000000F9  _PDTEN                             uart0
     000000F9  _TI_1                              uart0
     000000FA  _PDTCNT                            uart0
     000000FA  _RB8_1                             uart0
     000000FB  _PMEN                              uart0
     000000FB  _TB8_1                             uart0
     000000FC  _PMD                               uart0
     000000FC  _REN_1                             uart0
     000000FD  _SM2_1                             uart0
     000000FE  _EIP1                              uart0
     000000FE  _SM1_1                             uart0
     000000FF  _EIPH1                             uart0
     000000FF  _FE_1                              uart0
     000000FF  _SM0_1                             uart0
ASxxxx Linker V03.00/V05.40 + sdld,  page 8.
Hexadecimal  [32-Bits]

Area                                    Addr        Size        Decimal Bytes (Attributes)
--------------------------------        ----        ----        ------- ----- ------------
BSEG_BYTES                          00000020    00000001 =           1. bytes (REL,CON)

      Value  Global                              Global Defined In Module
      -----  --------------------------------   ------------------------
ASxxxx Linker V03.00/V05.40 + sdld,  page 9.
Hexadecimal  [32-Bits]

Area                                    Addr        Size        Decimal Bytes (Attributes)
--------------------------------        ----        ----        ------- ----- ------------
REG_BANK_0                          00000000    00000008 =           8. bytes (REL,OVR)

      Value  Global                              Global Defined In Module
      -----  --------------------------------   ------------------------
ASxxxx Linker V03.00/V05.40 + sdld,  page 10.
Hexadecimal  [32-Bits]

Area                                    Addr        Size        Decimal Bytes (Attributes)
--------------------------------        ----        ----        ------- ----- ------------
DSEG                                00000000    0000007E =         126. bytes (REL,CON)

      Value  Global                              Global Defined In Module
      -----  --------------------------------   ------------------------
     00000008  _I2C_Address_PARM_2                i2c
     00000009  _I2C_Write_nByte_PARM_2            i2c
     0000000A  _dem                               uart0
     00000010  _bp                                _bp
     00000011  _errno                             errno
     00000021  _Low                               main
     00000022  _High                              main
     00000023  _Res                               main
     00000025  _AccX                              main
     00000029  _AccY                              main
     0000002D  _AccZ                              main
     00000031  _AngleRoll                         main
     00000035  _AnglePitch                        main
     00000039  _AccXLSB                           main
     0000003B  _AccXMSB                           main
     0000003D  _AccYLSB                           main
     0000003F  _AccYMSB                           main
     00000041  _AccZLSB                           main
     00000043  _AccZMSB                           main
     00000045  _u8Data                            main
     00000047  _checkAddress                      main
ASxxxx Linker V03.00/V05.40 + sdld,  page 11.
Hexadecimal  [32-Bits]

Area                                    Addr        Size        Decimal Bytes (Attributes)
--------------------------------        ----        ----        ------- ----- ------------
OSEG                                00000013    0000000B =          11. bytes (REL,OVR)

      Value  Global                              Global Defined In Module
      -----  --------------------------------   ------------------------
     00000013  __divsint_PARM_2                   _divuint
     00000013  __divuint_PARM_2                   _divuint
     00000013  __gptrput_PARM_2                   _gptrput
     00000013  __modsint_PARM_2                   _moduint
     00000013  __moduint_PARM_2                   _moduint
     00000013  _frexpf_PARM_2                     frexpf
     00000013  _ldexpf_PARM_2                     ldexpf

ASxxxx Linker V03.00/V05.40 + sdld,  page 12.
Hexadecimal  [32-Bits]

Area                                    Addr        Size        Decimal Bytes (Attributes)
--------------------------------        ----        ----        ------- ----- ------------
SSEG                                00000048    000000B8 =         184. bytes (REL,OVR)

      Value  Global                              Global Defined In Module
      -----  --------------------------------   ------------------------
     00000048  __start__stack                     main

ASxxxx Linker V03.00/V05.40 + sdld,  page 13.
Hexadecimal  [32-Bits]

Area                                    Addr        Size        Decimal Bytes (Attributes)
--------------------------------        ----        ----        ------- ----- ------------
HOME                                00000000    00000006 =           6. bytes (REL,CON,CODE)

      Value  Global                              Global Defined In Module
      -----  --------------------------------   ------------------------
C:   00000003  __sdcc_program_startup             main

ASxxxx Linker V03.00/V05.40 + sdld,  page 14.
Hexadecimal  [32-Bits]

Area                                    Addr        Size        Decimal Bytes (Attributes)
--------------------------------        ----        ----        ------- ----- ------------
GSINIT0                             00000006    00000003 =           3. bytes (REL,CON,CODE)

      Value  Global                              Global Defined In Module
      -----  --------------------------------   ------------------------
C:   00000006  __sdcc_gsinit_startup              

ASxxxx Linker V03.00/V05.40 + sdld,  page 15.
Hexadecimal  [32-Bits]

Area                                    Addr        Size        Decimal Bytes (Attributes)
--------------------------------        ----        ----        ------- ----- ------------
GSINIT2                             00000009    0000000A =          10. bytes (REL,CON,CODE)

      Value  Global                              Global Defined In Module
      -----  --------------------------------   ------------------------
ASxxxx Linker V03.00/V05.40 + sdld,  page 16.
Hexadecimal  [32-Bits]

Area                                    Addr        Size        Decimal Bytes (Attributes)
--------------------------------        ----        ----        ------- ----- ------------
GSINIT3                             00000013    00000022 =          34. bytes (REL,CON,CODE)

      Value  Global                              Global Defined In Module
      -----  --------------------------------   ------------------------
C:   00000013  __mcs51_genXINIT                   

ASxxxx Linker V03.00/V05.40 + sdld,  page 17.
Hexadecimal  [32-Bits]

Area                                    Addr        Size        Decimal Bytes (Attributes)
--------------------------------        ----        ----        ------- ----- ------------
GSINIT4                             00000035    0000002A =          42. bytes (REL,CON,CODE)

      Value  Global                              Global Defined In Module
      -----  --------------------------------   ------------------------
C:   00000035  __mcs51_genRAMCLEAR                
C:   0000003B  __mcs51_genXRAMCLEAR               

ASxxxx Linker V03.00/V05.40 + sdld,  page 18.
Hexadecimal  [32-Bits]

Area                                    Addr        Size        Decimal Bytes (Attributes)
--------------------------------        ----        ----        ------- ----- ------------
GSINIT                              0000005F    00000003 =           3. bytes (REL,CON,CODE)

      Value  Global                              Global Defined In Module
      -----  --------------------------------   ------------------------
ASxxxx Linker V03.00/V05.40 + sdld,  page 19.
Hexadecimal  [32-Bits]

Area                                    Addr        Size        Decimal Bytes (Attributes)
--------------------------------        ----        ----        ------- ----- ------------
GSFINAL                             00000062    00000003 =           3. bytes (REL,CON,CODE)

      Value  Global                              Global Defined In Module
      -----  --------------------------------   ------------------------
ASxxxx Linker V03.00/V05.40 + sdld,  page 20.
Hexadecimal  [32-Bits]

Area                                    Addr        Size        Decimal Bytes (Attributes)
--------------------------------        ----        ----        ------- ----- ------------
CSEG                                00000065    000013F5 =        5109. bytes (REL,CON,CODE)

      Value  Global                              Global Defined In Module
      -----  --------------------------------   ------------------------
C:   00000065  _InitMPU6050                       main
C:   000000E9  _ReadData                          main
C:   00000471  _main                              main
C:   0000048B  _I2C_Init                          i2c
C:   000004A1  _send_stop                         i2c
C:   000004CE  _I2C_start                         i2c
C:   000004EF  _I2C_RepeatedStart                 i2c
C:   00000505  _I2C_Address                       i2c
C:   0000053A  _I2C_Write                         i2c
C:   0000054F  _I2C_Write_nByte                   i2c
C:   00000587  _I2C_Read                          i2c
C:   000005BE  _Delay_Init                        delay
C:   000005CE  _Delay_Ms                          delay
C:   0000060D  _UART0_Init                        uart0
C:   0000063F  _UART0_SendData                    uart0
C:   00000643  _UART0_GetData                     uart0
C:   00000647  _UART0_EnableInterrupt             uart0
C:   0000064A  _UART0_DisableInterrupt            uart0
C:   0000064D  _UART0_ClearFlag                   uart0
C:   00000653  _UART0_GetFlag                     uart0
C:   00000661  _UART0_STRING                      uart0
C:   000006A5  _UART0_NLINE                       uart0
C:   000006B8  _UART0_NUMBER                      uart0
C:   00000740  ___fssub                           _fssub
C:   0000074B  ___fsmul                           _fsmul
C:   000007EE  fsgetargs                          _fsget2args
C:   0000081C  fs_normalize_a                     _fsnormalize
C:   0000084F  _sqrtf                             sqrtf
C:   00000ABD  ___fslt                            _fslt
C:   00000AED  __moduint                          _moduint
C:   00000B3A  __divuint                          _divuint
C:   00000B63  ___fsadd                           _fsadd
C:   00000B66  fsadd_direct_entry                 _fsadd
C:   00000BBC  _fabsf                             fabsf
C:   00000C17  _ldexpf                            ldexpf
C:   00000CA8  fs_compare_uint32                  _fscmp
C:   00000CC6  fs_check_negative_zeros            _fscmp
C:   00000CF1  ___sint2fs                         _sint2fs
C:   00000CFE  _atanf                             atanf
C:   00001182  _frexpf                            frexpf
C:   00001204  fs_round_and_return                _fsreturnval
C:   0000121C  fs_zerocheck_return                _fsreturnval
C:   00001225  fs_return_zero                     _fsreturnval
C:   0000122D  fs_direct_return                   _fsreturnval
C:   0000123B  fs_return_inf                      _fsreturnval
C:   00001248  fs_return_nan                      _fsreturnval
C:   00001253  fs_swap_a_b                        _fsswapargs
C:   0000126D  ___fsdiv                           _fsdiv
C:   00001330  __gptrget                          _gptrget
C:   0000134C  __modsint                          _modsint
ASxxxx Linker V03.00/V05.40 + sdld,  page 21.
Hexadecimal  [32-Bits]

Area                                    Addr        Size        Decimal Bytes (Attributes)
--------------------------------        ----        ----        ------- ----- ------------
CSEG                                00000065    000013F5 =        5109. bytes (REL,CON,CODE)

      Value  Global                              Global Defined In Module
      -----  --------------------------------   ------------------------
C:   00001382  ___slong2fs                        _slong2fs
C:   0000138B  slong2fs_doit                      _slong2fs
C:   000013AF  __divsint                          _divsint
C:   000013E7  fs_rshift_a                        _fsrshift
C:   0000142A  ___fseq                            _fseq
C:   0000143B  __gptrput                          _gptrput
C:   00001456  ___sdcc_external_startup           _startup
ASxxxx Linker V03.00/V05.40 + sdld,  page 22.
Hexadecimal  [32-Bits]

Area                                    Addr        Size        Decimal Bytes (Attributes)
--------------------------------        ----        ----        ------- ----- ------------
CONST                               0000145A    00000010 =          16. bytes (REL,CON,CODE)

      Value  Global                              Global Defined In Module
      -----  --------------------------------   ------------------------
ASxxxx Linker V03.00/V05.40 + sdld,  page 23.

Files Linked                              [ module(s) ]

obj/main.rel                              [  ]
obj/i2c.rel                               [  ]
obj/delay.rel                             [  ]
obj/uart0.rel                             [  ]


Libraries Linked                          [ object file ]

C:\Program Files\SDCC\bin\..\lib\small/libfloat.lib
                                          [ _fssub.rel ]
C:\Program Files\SDCC\bin\..\lib\small/libfloat.lib
                                          [ _fsmul.rel ]
C:\Program Files\SDCC\bin\..\lib\small/libfloat.lib
                                          [ _fsget2args.rel ]
C:\Program Files\SDCC\bin\..\lib\small/mcs51.lib
                                          [ crtclear.rel ]
C:\Program Files\SDCC\bin\..\lib\small/libfloat.lib
                                          [ _fsnormalize.rel ]
C:\Program Files\SDCC\bin\..\lib\small/mcs51.lib
                                          [ crtxinit.rel ]
C:\Program Files\SDCC\bin\..\lib\small/libfloat.lib
                                          [ sqrtf.rel ]
C:\Program Files\SDCC\bin\..\lib\small/libfloat.lib
                                          [ _fslt.rel ]
C:\Program Files\SDCC\bin\..\lib\small/libint.lib
                                          [ _moduint.rel ]
C:\Program Files\SDCC\bin\..\lib\small/libint.lib
                                          [ _divuint.rel ]
C:\Program Files\SDCC\bin\..\lib\small/mcs51.lib
                                          [ crtxclear.rel ]
C:\Program Files\SDCC\bin\..\lib\small/libfloat.lib
                                          [ _fsadd.rel ]
C:\Program Files\SDCC\bin\..\lib\small/libfloat.lib
                                          [ fabsf.rel ]
C:\Program Files\SDCC\bin\..\lib\small/libfloat.lib
                                          [ ldexpf.rel ]
C:\Program Files\SDCC\bin\..\lib\small/libfloat.lib
                                          [ _fscmp.rel ]
C:\Program Files\SDCC\bin\..\lib\small/libfloat.lib
                                          [ _sint2fs.rel ]
C:\Program Files\SDCC\bin\..\lib\small/libfloat.lib
                                          [ atanf.rel ]
C:\Program Files\SDCC\bin\..\lib\small/libfloat.lib
                                          [ frexpf.rel ]
C:\Program Files\SDCC\bin\..\lib\small/libsdcc.lib
                                          [ _bp.rel ]
C:\Program Files\SDCC\bin\..\lib\small/libfloat.lib
                                          [ _fsreturnval.rel ]
C:\Program Files\SDCC\bin\..\lib\small/mcs51.lib
                                          [ crtpagesfr.rel ]
C:\Program Files\SDCC\bin\..\lib\small/libfloat.lib
                                          [ _fsswapargs.rel ]
C:\Program Files\SDCC\bin\..\lib\small/libfloat.lib
                                          [ _fsdiv.rel ]
C:\Program Files\SDCC\bin\..\lib\small/mcs51.lib
                                          [ crtstart.rel ]
C:\Program Files\SDCC\bin\..\lib\small/libsdcc.lib
                                          [ _gptrget.rel ]
C:\Program Files\SDCC\bin\..\lib\small/libint.lib
                                          [ _modsint.rel ]
C:\Program Files\SDCC\bin\..\lib\small/libfloat.lib
                                          [ _slong2fs.rel ]
C:\Program Files\SDCC\bin\..\lib\small/libint.lib
                                          [ _divsint.rel ]
C:\Program Files\SDCC\bin\..\lib\small/libfloat.lib
                                          [ errno.rel ]
C:\Program Files\SDCC\bin\..\lib\small/libfloat.lib
                                          [ _fsrshift.rel ]
C:\Program Files\SDCC\bin\..\lib\small/libfloat.lib
                                          [ _fseq.rel ]
C:\Program Files\SDCC\bin\..\lib\small/libsdcc.lib
                                          [ _gptrput.rel ]
C:\Program Files\SDCC\bin\..\lib\small/libsdcc.lib
                                          [ _startup.rel ]

ASxxxx Linker V03.00/V05.40 + sdld,  page 24.

User Base Address Definitions

HOME = 0x0000
ISEG = 0x0000
BSEG = 0x0000

