ASxxxx Linker V03.00 + NoICE + sdld,  page 1.
Hexadecimal  [32-Bits]

Area                                    Addr        Size        Decimal Bytes (Attributes)
--------------------------------        ----        ----        ------- ----- ------------
CABS                                00000000    00000000 =           0. bytes (ABS,CON,CODE)

      Value  Global                              Global Defined In Module
      -----  --------------------------------   ------------------------
C:   00000000  l_BIT_BANK                      
C:   00000000  l_BSEG                          
C:   00000000  l_BSEG_BYTES                    
C:   00000000  l_CABS                          
C:   00000000  l_GSINIT1                       
C:   00000000  l_GSINIT5                       
C:   00000000  l_IABS                          
C:   00000000  l_ISEG                          
C:   00000000  l_PSEG                          
C:   00000000  l_REG_BANK_1                    
C:   00000000  l_REG_BANK_2                    
C:   00000000  l_REG_BANK_3                    
C:   00000000  l_RSEG                          
C:   00000000  l_RSEG0                         
C:   00000000  l_RSEG1                         
C:   00000000  l_XABS                          
C:   00000000  l_XINIT                         
C:   00000000  l_XISEG                         
C:   00000000  l_XSEG                          
C:   00000000  l__CODE                         
C:   00000000  s_BSEG                          
C:   00000000  s_CABS                          
C:   00000000  s_DSEG                          
C:   00000000  s_HOME                          
C:   00000000  s_IABS                          
C:   00000000  s_ISEG                          
C:   00000000  s_PSEG                          
C:   00000000  s_REG_BANK_0                    
C:   00000000  s_RSEG                          
C:   00000000  s_RSEG0                         
C:   00000000  s_RSEG1                         
C:   00000000  s_XABS                          
C:   00000000  s_XISEG                         
C:   00000000  s_XSEG                          
C:   00000003  l_GSFINAL                       
C:   00000003  l_GSINIT0                       
C:   00000006  l_CONST                         
C:   00000008  l_REG_BANK_0                    
C:   00000008  s_REG_BANK_1                    
C:   0000000A  l_GSINIT2                       
C:   0000000A  l_OSEG                          
C:   00000010  s_REG_BANK_2                    
C:   00000018  s_BIT_BANK                      
C:   00000018  s_REG_BANK_3                    
C:   0000001B  l_GSINIT                        
C:   00000020  s_BSEG_BYTES                    
C:   00000020  s__CODE                         
C:   00000022  l_GSINIT3                       
C:   0000002A  l_GSINIT4                       
C:   00000054  s_OSEG                          
ASxxxx Linker V03.00 + NoICE + sdld,  page 2.
Hexadecimal  [32-Bits]

Area                                    Addr        Size        Decimal Bytes (Attributes)
--------------------------------        ----        ----        ------- ----- ------------
CABS                                00000000    00000000 =           0. bytes (ABS,CON,CODE)

      Value  Global                              Global Defined In Module
      -----  --------------------------------   ------------------------
C:   0000005E  s_SSEG                          
C:   00000080  l_DSEG                          
C:   00000091  l_HOME                          
C:   00000091  s_GSINIT0                       
C:   00000094  s_GSINIT1                       
C:   00000094  s_GSINIT2                       
C:   0000009E  s_GSINIT3                       
C:   000000A2  l_SSEG                          
C:   000000C0  s_GSINIT4                       
C:   000000EA  s_GSINIT                        
C:   000000EA  s_GSINIT5                       
C:   00000100  l_IRAM                          
C:   00000105  s_GSFINAL                       
C:   00000108  s_CSEG                          
C:   00000CD7  l_CSEG                          
C:   00000DDF  s_CONST                         
C:   00000DE5  s_XINIT                         

ASxxxx Linker V03.00 + NoICE + sdld,  page 3.
Hexadecimal  [32-Bits]

Area                                    Addr        Size        Decimal Bytes (Attributes)
--------------------------------        ----        ----        ------- ----- ------------
.  .ABS.                            00000000    00000000 =           0. bytes (ABS,CON)

      Value  Global                              Global Defined In Module
      -----  --------------------------------   ------------------------
     00000000  .__.ABS.                           _startup
     00000080  _MOSI                              uart0
     00000080  _P0                                uart0
     00000080  _P00                               uart0
     00000081  _MISO                              uart0
     00000081  _P01                               uart0
     00000081  _SP                                uart0
     00000082  _DPL                               uart0
     00000082  _P02                               uart0
     00000082  _RXD_1                             uart0
     00000083  _DPH                               uart0
     00000083  _P03                               uart0
     00000084  _P04                               uart0
     00000084  _RCTRIM0                           uart0
     00000084  _STADC                             uart0
     00000085  _P05                               uart0
     00000085  _RCTRIM1                           uart0
     00000086  _P06                               uart0
     00000086  _RWK                               uart0
     00000086  _TXD                               uart0
     00000087  _P07                               uart0
     00000087  _PCON                              uart0
     00000087  _RXD                               uart0
     00000088  _IT0                               uart0
     00000088  _TCON                              uart0
     00000089  _IE0                               uart0
     00000089  _TMOD                              uart0
     0000008A  _IT1                               uart0
     0000008A  _TL0                               uart0
     0000008B  _IE1                               uart0
     0000008B  _TL1                               uart0
     0000008C  _TH0                               uart0
     0000008C  _TR0                               uart0
     0000008D  _TF0                               uart0
     0000008D  _TH1                               uart0
     0000008E  _CKCON                             uart0
     0000008E  _TR1                               uart0
     0000008F  _TF1                               uart0
     0000008F  _WKCON                             uart0
     00000090  _P1                                uart0
     00000090  _P10                               uart0
     00000091  _P11                               uart0
     00000091  _SFRS                              uart0
     00000092  _CAPCON0                           uart0
     00000092  _P12                               uart0
     00000093  _CAPCON1                           uart0
     00000093  _P13                               uart0
     00000093  _SCL                               uart0
     00000094  _CAPCON2                           uart0
     00000094  _P14                               uart0
ASxxxx Linker V03.00 + NoICE + sdld,  page 4.
Hexadecimal  [32-Bits]

Area                                    Addr        Size        Decimal Bytes (Attributes)
--------------------------------        ----        ----        ------- ----- ------------
.  .ABS.                            00000000    00000000 =           0. bytes (ABS,CON)

      Value  Global                              Global Defined In Module
      -----  --------------------------------   ------------------------
     00000094  _SDA                               uart0
     00000095  _CKDIV                             uart0
     00000095  _P15                               uart0
     00000096  _CKSWT                             uart0
     00000096  _P16                               uart0
     00000096  _TXD_1                             uart0
     00000097  _CKEN                              uart0
     00000097  _P17                               uart0
     00000098  _RI                                uart0
     00000098  _SCON                              uart0
     00000099  _SBUF                              uart0
     00000099  _TI                                uart0
     0000009A  _RB8                               uart0
     0000009A  _SBUF_1                            uart0
     0000009B  _EIE                               uart0
     0000009B  _TB8                               uart0
     0000009C  _EIE1                              uart0
     0000009C  _REN                               uart0
     0000009D  _SM2                               uart0
     0000009E  _SM1                               uart0
     0000009F  _CHPCON                            uart0
     0000009F  _FE                                uart0
     0000009F  _SM0                               uart0
     000000A0  _P2                                uart0
     000000A0  _P20                               uart0
     000000A0  __XPAGE                            
     000000A2  _AUXR1                             uart0
     000000A3  _BODCON0                           uart0
     000000A4  _IAPTRG                            uart0
     000000A5  _IAPUEN                            uart0
     000000A6  _IAPAL                             uart0
     000000A7  _IAPAH                             uart0
     000000A8  _EX0                               uart0
     000000A8  _IE                                uart0
     000000A9  _ET0                               uart0
     000000A9  _SADDR                             uart0
     000000AA  _EX1                               uart0
     000000AA  _WDCON                             uart0
     000000AB  _BODCON1                           uart0
     000000AB  _ET1                               uart0
     000000AC  _ES                                uart0
     000000AC  _P3M1                              uart0
     000000AC  _P3S                               uart0
     000000AD  _EBOD                              uart0
     000000AD  _P3M2                              uart0
     000000AD  _P3SR                              uart0
     000000AE  _EADC                              uart0
     000000AE  _IAPFD                             uart0
     000000AF  _EA                                uart0
     000000AF  _IAPCN                             uart0
     000000B0  _P3                                uart0
ASxxxx Linker V03.00 + NoICE + sdld,  page 5.
Hexadecimal  [32-Bits]

Area                                    Addr        Size        Decimal Bytes (Attributes)
--------------------------------        ----        ----        ------- ----- ------------
.  .ABS.                            00000000    00000000 =           0. bytes (ABS,CON)

      Value  Global                              Global Defined In Module
      -----  --------------------------------   ------------------------
     000000B0  _P30                               uart0
     000000B1  _P0M1                              uart0
     000000B1  _P0S                               uart0
     000000B2  _P0M2                              uart0
     000000B2  _P0SR                              uart0
     000000B3  _P1M1                              uart0
     000000B3  _P1S                               uart0
     000000B4  _P1M2                              uart0
     000000B4  _P1SR                              uart0
     000000B5  _P2S                               uart0
     000000B7  _IPH                               uart0
     000000B7  _PWMINTC                           uart0
     000000B8  _IP                                uart0
     000000B8  _PX0                               uart0
     000000B9  _PT0                               uart0
     000000B9  _SADEN                             uart0
     000000BA  _PX1                               uart0
     000000BA  _SADEN_1                           uart0
     000000BB  _PT1                               uart0
     000000BB  _SADDR_1                           uart0
     000000BC  _I2DAT                             uart0
     000000BC  _PS                                uart0
     000000BD  _I2STAT                            uart0
     000000BD  _PBOD                              uart0
     000000BE  _I2CLK                             uart0
     000000BE  _PADC                              uart0
     000000BF  _I2TOC                             uart0
     000000C0  _I2CON                             uart0
     000000C0  _I2CPX                             uart0
     000000C1  _I2ADDR                            uart0
     000000C2  _AA                                uart0
     000000C2  _ADCRL                             uart0
     000000C3  _ADCRH                             uart0
     000000C3  _SI                                uart0
     000000C4  _PWM4H                             uart0
     000000C4  _STO                               uart0
     000000C4  _T3CON                             uart0
     000000C5  _PWM5H                             uart0
     000000C5  _RL3                               uart0
     000000C5  _STA                               uart0
     000000C6  _I2CEN                             uart0
     000000C6  _PIOCON1                           uart0
     000000C6  _RH3                               uart0
     000000C7  _TA                                uart0
     000000C8  _CM_RL2                            uart0
     000000C8  _T2CON                             uart0
     000000C9  _T2MOD                             uart0
     000000CA  _RCMP2L                            uart0
     000000CA  _TR2                               uart0
     000000CB  _RCMP2H                            uart0
     000000CC  _PWM4L                             uart0
ASxxxx Linker V03.00 + NoICE + sdld,  page 6.
Hexadecimal  [32-Bits]

Area                                    Addr        Size        Decimal Bytes (Attributes)
--------------------------------        ----        ----        ------- ----- ------------
.  .ABS.                            00000000    00000000 =           0. bytes (ABS,CON)

      Value  Global                              Global Defined In Module
      -----  --------------------------------   ------------------------
     000000CC  _TL2                               uart0
     000000CD  _PWM5L                             uart0
     000000CD  _TH2                               uart0
     000000CE  _ADCMPL                            uart0
     000000CF  _ADCMPH                            uart0
     000000CF  _TF2                               uart0
     000000D0  _P                                 uart0
     000000D0  _PSW                               uart0
     000000D1  _PWMPH                             uart0
     000000D2  _OV                                uart0
     000000D2  _PWM0H                             uart0
     000000D3  _PWM1H                             uart0
     000000D3  _RS0                               uart0
     000000D4  _PWM2H                             uart0
     000000D4  _RS1                               uart0
     000000D5  _F0                                uart0
     000000D5  _PWM3H                             uart0
     000000D6  _AC                                uart0
     000000D6  _PNP                               uart0
     000000D7  _CY                                uart0
     000000D7  _FBD                               uart0
     000000D8  _PWMCON0                           uart0
     000000D9  _PWMPL                             uart0
     000000DA  _PWM0L                             uart0
     000000DB  _PWM1L                             uart0
     000000DC  _CLRPWM                            uart0
     000000DC  _PWM2L                             uart0
     000000DD  _PWM3L                             uart0
     000000DD  _PWMF                              uart0
     000000DE  _LOAD                              uart0
     000000DE  _PIOCON0                           uart0
     000000DF  _PWMCON1                           uart0
     000000DF  _PWMRUN                            uart0
     000000E0  _ACC                               uart0
     000000E1  _ADCCON1                           uart0
     000000E2  _ADCCON2                           uart0
     000000E3  _ADCDLY                            uart0
     000000E4  _C0L                               uart0
     000000E5  _C0H                               uart0
     000000E6  _C1L                               uart0
     000000E7  _C1H                               uart0
     000000E8  _ADCCON0                           uart0
     000000E8  _ADCHS0                            uart0
     000000E9  _ADCHS1                            uart0
     000000E9  _PICON                             uart0
     000000EA  _ADCHS2                            uart0
     000000EA  _PINEN                             uart0
     000000EB  _ADCHS3                            uart0
     000000EB  _PIPEN                             uart0
     000000EC  _ETGSEL0                           uart0
     000000EC  _PIF                               uart0
ASxxxx Linker V03.00 + NoICE + sdld,  page 7.
Hexadecimal  [32-Bits]

Area                                    Addr        Size        Decimal Bytes (Attributes)
--------------------------------        ----        ----        ------- ----- ------------
.  .ABS.                            00000000    00000000 =           0. bytes (ABS,CON)

      Value  Global                              Global Defined In Module
      -----  --------------------------------   ------------------------
     000000ED  _C2L                               uart0
     000000ED  _ETGSEL1                           uart0
     000000EE  _ADCS                              uart0
     000000EE  _C2H                               uart0
     000000EF  _ADCF                              uart0
     000000EF  _EIP                               uart0
     000000F0  _B                                 uart0
     000000F1  _CAPCON3                           uart0
     000000F2  _CAPCON4                           uart0
     000000F3  _SPCR                              uart0
     000000F3  _SPCR2                             uart0
     000000F4  _SPSR                              uart0
     000000F5  _B_5                               _gptrget
     000000F5  _SPDR                              uart0
     000000F6  _AINDIDS                           uart0
     000000F6  _B_6                               _gptrget
     000000F7  _B_7                               _gptrget
     000000F7  _EIPH                              uart0
     000000F8  _RI_1                              uart0
     000000F8  _SCON_1                            uart0
     000000F9  _PDTEN                             uart0
     000000F9  _TI_1                              uart0
     000000FA  _PDTCNT                            uart0
     000000FA  _RB8_1                             uart0
     000000FB  _PMEN                              uart0
     000000FB  _TB8_1                             uart0
     000000FC  _PMD                               uart0
     000000FC  _REN_1                             uart0
     000000FD  _SM2_1                             uart0
     000000FE  _EIP1                              uart0
     000000FE  _SM1_1                             uart0
     000000FF  _EIPH1                             uart0
     000000FF  _FE_1                              uart0
     000000FF  _SM0_1                             uart0
ASxxxx Linker V03.00 + NoICE + sdld,  page 8.
Hexadecimal  [32-Bits]

Area                                    Addr        Size        Decimal Bytes (Attributes)
--------------------------------        ----        ----        ------- ----- ------------
REG_BANK_0                          00000000    00000008 =           8. bytes (REL,OVR)

      Value  Global                              Global Defined In Module
      -----  --------------------------------   ------------------------
ASxxxx Linker V03.00 + NoICE + sdld,  page 9.
Hexadecimal  [32-Bits]

Area                                    Addr        Size        Decimal Bytes (Attributes)
--------------------------------        ----        ----        ------- ----- ------------
DSEG                                00000000    00000080 =         128. bytes (REL,CON)

      Value  Global                              Global Defined In Module
      -----  --------------------------------   ------------------------
     00000008  _buf                               main
     00000028  _ch                                main
     00000029  _i                                 main
     0000002A  _z                                 main
     0000002B  _ret                               main
     0000002F  _exponent                          main
     00000033  _LSB                               main
     00000034  _MSB                               main
     00000035  _Tl                                main
     00000036  _Th                                main
     00000037  _conf                              main
     00000038  _debug                             main
     00000039  _debug2                            main
     0000003A  _temp                              main
     0000003E  _ms                                main
     00000040  _s                                 main
     00000041  _mode                              main
     00000046  _nrf_cmd_PARM_2                    nrf24
     00000047  _nrf_manybytes_PARM_2              nrf24
     00000048  _nrf_wbuf_PARM_2                   nrf24
     0000004B  _nrf_wbuf_PARM_3                   nrf24
     0000004C  _btLePacketEncode_PARM_2           nrf24
     0000004D  _btLePacketEncode_PARM_3           nrf24

ASxxxx Linker V03.00 + NoICE + sdld,  page 10.
Hexadecimal  [32-Bits]

Area                                    Addr        Size        Decimal Bytes (Attributes)
--------------------------------        ----        ----        ------- ----- ------------
OSEG                                00000054    0000000A =          10. bytes (REL,OVR)

      Value  Global                              Global Defined In Module
      -----  --------------------------------   ------------------------
     00000054  _DelayT0_PARM_2                    delay
     00000054  __divsint_PARM_2                   _divuint
     00000054  __divuint_PARM_2                   _divuint
     00000054  __gptrput_PARM_2                   _gptrput
     00000054  __modsint_PARM_2                   _moduint
     00000054  __moduint_PARM_2                   _moduint
     00000054  _btLeCrc_PARM_2                    nrf24
     00000054  _btLeWhiten_PARM_2                 nrf24
     00000055  _btLeCrc_PARM_3                    nrf24
     00000055  _btLeWhiten_PARM_3                 nrf24

ASxxxx Linker V03.00 + NoICE + sdld,  page 11.
Hexadecimal  [32-Bits]

Area                                    Addr        Size        Decimal Bytes (Attributes)
--------------------------------        ----        ----        ------- ----- ------------
SSEG                                0000005E    000000A2 =         162. bytes (REL,OVR)

      Value  Global                              Global Defined In Module
      -----  --------------------------------   ------------------------
     0000005E  __start__stack                     main

ASxxxx Linker V03.00 + NoICE + sdld,  page 12.
Hexadecimal  [32-Bits]

Area                                    Addr        Size        Decimal Bytes (Attributes)
--------------------------------        ----        ----        ------- ----- ------------
HOME                                00000000    00000091 =         145. bytes (REL,CON,CODE)

      Value  Global                              Global Defined In Module
      -----  --------------------------------   ------------------------
C:   0000008E  __sdcc_program_startup             main

ASxxxx Linker V03.00 + NoICE + sdld,  page 13.
Hexadecimal  [32-Bits]

Area                                    Addr        Size        Decimal Bytes (Attributes)
--------------------------------        ----        ----        ------- ----- ------------
GSINIT0                             00000091    00000003 =           3. bytes (REL,CON,CODE)

      Value  Global                              Global Defined In Module
      -----  --------------------------------   ------------------------
C:   00000091  __sdcc_gsinit_startup              

ASxxxx Linker V03.00 + NoICE + sdld,  page 14.
Hexadecimal  [32-Bits]

Area                                    Addr        Size        Decimal Bytes (Attributes)
--------------------------------        ----        ----        ------- ----- ------------
GSINIT2                             00000094    0000000A =          10. bytes (REL,CON,CODE)

      Value  Global                              Global Defined In Module
      -----  --------------------------------   ------------------------
ASxxxx Linker V03.00 + NoICE + sdld,  page 15.
Hexadecimal  [32-Bits]

Area                                    Addr        Size        Decimal Bytes (Attributes)
--------------------------------        ----        ----        ------- ----- ------------
GSINIT3                             0000009E    00000022 =          34. bytes (REL,CON,CODE)

      Value  Global                              Global Defined In Module
      -----  --------------------------------   ------------------------
C:   0000009E  __mcs51_genXINIT                   

ASxxxx Linker V03.00 + NoICE + sdld,  page 16.
Hexadecimal  [32-Bits]

Area                                    Addr        Size        Decimal Bytes (Attributes)
--------------------------------        ----        ----        ------- ----- ------------
GSINIT4                             000000C0    0000002A =          42. bytes (REL,CON,CODE)

      Value  Global                              Global Defined In Module
      -----  --------------------------------   ------------------------
C:   000000C0  __mcs51_genRAMCLEAR                
C:   000000C6  __mcs51_genXRAMCLEAR               

ASxxxx Linker V03.00 + NoICE + sdld,  page 17.
Hexadecimal  [32-Bits]

Area                                    Addr        Size        Decimal Bytes (Attributes)
--------------------------------        ----        ----        ------- ----- ------------
GSINIT                              000000EA    0000001B =          27. bytes (REL,CON,CODE)

      Value  Global                              Global Defined In Module
      -----  --------------------------------   ------------------------
ASxxxx Linker V03.00 + NoICE + sdld,  page 18.
Hexadecimal  [32-Bits]

Area                                    Addr        Size        Decimal Bytes (Attributes)
--------------------------------        ----        ----        ------- ----- ------------
GSFINAL                             00000105    00000003 =           3. bytes (REL,CON,CODE)

      Value  Global                              Global Defined In Module
      -----  --------------------------------   ------------------------
ASxxxx Linker V03.00 + NoICE + sdld,  page 19.
Hexadecimal  [32-Bits]

Area                                    Addr        Size        Decimal Bytes (Attributes)
--------------------------------        ----        ----        ------- ----- ------------
CSEG                                00000108    00000CD7 =        3287. bytes (REL,CON,CODE)

      Value  Global                              Global Defined In Module
      -----  --------------------------------   ------------------------
C:   00000108  _WKT_ISR                           main
C:   0000010F  _main                              main
C:   000002C4  _DS18x20_ReadTemp                  main
C:   0000035A  _DelayT0_Init                      delay
C:   00000364  _DelayT0                           delay
C:   000003B4  _OneWireHigh                       ds18b20
C:   000003B7  _OneWireRelease                    ds18b20
C:   000003BA  _OneWireRead                       ds18b20
C:   000003C1  _OneWireReset                      ds18b20
C:   00000404  _OneWireWriteBit                   ds18b20
C:   00000430  _OneWireReadBit                    ds18b20
C:   0000044F  _OneWireWriteByte                  ds18b20
C:   0000046E  _OneWireReadByte                   ds18b20
C:   00000493  _spi_byte                          nrf24
C:   000004D1  _nrf_cmd                           nrf24
C:   000004DF  _nrf_simplebyte                    nrf24
C:   000004E7  _nrf_manybytes                     nrf24
C:   0000051A  _nrf_wbuf                          nrf24
C:   00000549  _btLeCrc                           nrf24
C:   0000068C  _swapbits                          nrf24
C:   000006CA  _btLeWhiten                        nrf24
C:   00000716  _btLePacketEncode                  nrf24
C:   0000080A  _ble_init                          nrf24
C:   0000086D  _UART0_Init                        uart0
C:   000008B4  _UART0_SendData                    uart0
C:   000008B8  _UART0_GetData                     uart0
C:   000008BC  _UART0_EnableInterrupt             uart0
C:   000008BF  _UART0_DisableInterrupt            uart0
C:   000008C2  _UART0_ClearFlag                   uart0
C:   000008C8  _UART0_GetFlag                     uart0
C:   000008D7  _UART0_STRING                      uart0
C:   0000092A  _UART0_NUMBER                      uart0
C:   000009B7  _UART0_Receive                     uart0
C:   000009C0  ___fsmul                           _fsmul
C:   00000A63  fsgetargs                          _fsget2args
C:   00000A91  fs_normalize_a                     _fsnormalize
C:   00000AC4  ___fs2slong                        _fs2slong
C:   00000B1F  fsgetarg                           _fsget1arg
C:   00000B31  __gptrput                          _gptrput
C:   00000B4C  __moduint                          _moduint
C:   00000B99  __divuint                          _divuint
C:   00000BC2  ___sint2fs                         _sint2fs
C:   00000BCF  fs_round_and_return                _fsreturnval
C:   00000BE7  fs_zerocheck_return                _fsreturnval
C:   00000BF0  fs_return_zero                     _fsreturnval
C:   00000BF8  fs_direct_return                   _fsreturnval
C:   00000C06  fs_return_inf                      _fsreturnval
C:   00000C13  fs_return_nan                      _fsreturnval
C:   00000C1E  ___fsdiv                           _fsdiv
C:   00000CE1  __gptrget                          _gptrget
ASxxxx Linker V03.00 + NoICE + sdld,  page 20.
Hexadecimal  [32-Bits]

Area                                    Addr        Size        Decimal Bytes (Attributes)
--------------------------------        ----        ----        ------- ----- ------------
CSEG                                00000108    00000CD7 =        3287. bytes (REL,CON,CODE)

      Value  Global                              Global Defined In Module
      -----  --------------------------------   ------------------------
C:   00000CFD  __modsint                          _modsint
C:   00000D33  ___slong2fs                        _slong2fs
C:   00000D3C  slong2fs_doit                      _slong2fs
C:   00000D60  __divsint                          _divsint
C:   00000D98  fs_rshift_a                        _fsrshift
C:   00000DDB  __sdcc_external_startup            _startup

ASxxxx Linker V03.00 + NoICE + sdld,  page 21.
Hexadecimal  [32-Bits]

Area                                    Addr        Size        Decimal Bytes (Attributes)
--------------------------------        ----        ----        ------- ----- ------------
CONST                               00000DDF    00000006 =           6. bytes (REL,CON,CODE)

      Value  Global                              Global Defined In Module
      -----  --------------------------------   ------------------------
ASxxxx Linker V03.00 + NoICE + sdld,  page 22.

Files Linked                              [ module(s) ]

obj/main.rel                              [  ]
obj/delay.rel                             [  ]
obj/ds18b20.rel                           [  ]
obj/nrf24.rel                             [  ]
obj/uart0.rel                             [  ]


Libraries Linked                          [ object file ]

/usr/bin/../share/sdcc/lib/small/libfloat.lib
                                          [ _fsmul.rel ]
/usr/bin/../share/sdcc/lib/small/libfloat.lib
                                          [ _fsget2args.rel ]
/usr/bin/../share/sdcc/lib/small/mcs51.lib
                                          [ crtclear.rel ]
/usr/bin/../share/sdcc/lib/small/libfloat.lib
                                          [ _fsnormalize.rel ]
/usr/bin/../share/sdcc/lib/small/libfloat.lib
                                          [ _fs2slong.rel ]
/usr/bin/../share/sdcc/lib/small/mcs51.lib
                                          [ crtxinit.rel ]
/usr/bin/../share/sdcc/lib/small/libfloat.lib
                                          [ _fsget1arg.rel ]
/usr/bin/../share/sdcc/lib/small/libsdcc.lib
                                          [ _gptrput.rel ]
/usr/bin/../share/sdcc/lib/small/libint.lib
                                          [ _moduint.rel ]
/usr/bin/../share/sdcc/lib/small/libint.lib
                                          [ _divuint.rel ]
/usr/bin/../share/sdcc/lib/small/mcs51.lib
                                          [ crtxclear.rel ]
/usr/bin/../share/sdcc/lib/small/libfloat.lib
                                          [ _sint2fs.rel ]
/usr/bin/../share/sdcc/lib/small/libfloat.lib
                                          [ _fsreturnval.rel ]
/usr/bin/../share/sdcc/lib/small/mcs51.lib
                                          [ crtpagesfr.rel ]
/usr/bin/../share/sdcc/lib/small/libfloat.lib
                                          [ _fsdiv.rel ]
/usr/bin/../share/sdcc/lib/small/mcs51.lib
                                          [ crtstart.rel ]
/usr/bin/../share/sdcc/lib/small/libsdcc.lib
                                          [ _gptrget.rel ]
/usr/bin/../share/sdcc/lib/small/libint.lib
                                          [ _modsint.rel ]
/usr/bin/../share/sdcc/lib/small/libfloat.lib
                                          [ _slong2fs.rel ]
/usr/bin/../share/sdcc/lib/small/libint.lib
                                          [ _divsint.rel ]
/usr/bin/../share/sdcc/lib/small/libfloat.lib
                                          [ _fsrshift.rel ]
/usr/bin/../share/sdcc/lib/small/libsdcc.lib
                                          [ _startup.rel ]

ASxxxx Linker V03.00 + NoICE + sdld,  page 23.

User Base Address Definitions

HOME = 0x0000
ISEG = 0x0000
BSEG = 0x0000

