ASxxxx Linker V03.00/V05.40 + sdld,  page 1.
Hexadecimal  [32-Bits]

Area                                    Addr        Size        Decimal Bytes (Attributes)
--------------------------------        ----        ----        ------- ----- ------------
CABS                                00000000    00000000 =           0. bytes (ABS,CON,CODE)

      Value  Global                              Global Defined In Module
      -----  --------------------------------   ------------------------
C:   00000000  l_BIT_BANK                      
C:   00000000  l_BSEG                          
C:   00000000  l_BSEG_BYTES                    
C:   00000000  l_CABS                          
C:   00000000  l_CONST                         
C:   00000000  l_GSINIT1                       
C:   00000000  l_GSINIT5                       
C:   00000000  l_IABS                          
C:   00000000  l_ISEG                          
C:   00000000  l_PSEG                          
C:   00000000  l_REG_BANK_1                    
C:   00000000  l_REG_BANK_2                    
C:   00000000  l_REG_BANK_3                    
C:   00000000  l_RSEG                          
C:   00000000  l_RSEG0                         
C:   00000000  l_RSEG1                         
C:   00000000  l_XABS                          
C:   00000000  l_XINIT                         
C:   00000000  l_XISEG                         
C:   00000000  l_XSEG                          
C:   00000000  l__CODE                         
C:   00000000  s_BSEG                          
C:   00000000  s_CABS                          
C:   00000000  s_DSEG                          
C:   00000000  s_HOME                          
C:   00000000  s_IABS                          
C:   00000000  s_ISEG                          
C:   00000000  s_PSEG                          
C:   00000000  s_REG_BANK_0                    
C:   00000000  s_RSEG                          
C:   00000000  s_RSEG0                         
C:   00000000  s_RSEG1                         
C:   00000000  s_XABS                          
C:   00000000  s_XISEG                         
C:   00000000  s_XSEG                          
C:   00000002  l_OSEG                          
C:   00000003  l_GSFINAL                       
C:   00000003  l_GSINIT0                       
C:   00000006  l_GSINIT                        
C:   00000006  l_HOME                          
C:   00000006  s_GSINIT0                       
C:   00000008  l_REG_BANK_0                    
C:   00000008  s_REG_BANK_1                    
C:   00000009  s_GSINIT1                       
C:   00000009  s_GSINIT2                       
C:   0000000A  l_GSINIT2                       
C:   0000000F  s_OSEG                          
C:   00000010  s_REG_BANK_2                    
C:   00000011  s_SSEG                          
C:   00000013  s_GSINIT3                       
ASxxxx Linker V03.00/V05.40 + sdld,  page 2.
Hexadecimal  [32-Bits]

Area                                    Addr        Size        Decimal Bytes (Attributes)
--------------------------------        ----        ----        ------- ----- ------------
CABS                                00000000    00000000 =           0. bytes (ABS,CON,CODE)

      Value  Global                              Global Defined In Module
      -----  --------------------------------   ------------------------
C:   00000018  s_BIT_BANK                      
C:   00000018  s_REG_BANK_3                    
C:   00000020  s_BSEG_BYTES                    
C:   00000020  s__CODE                         
C:   00000022  l_GSINIT3                       
C:   0000002A  l_GSINIT4                       
C:   00000035  s_GSINIT4                       
C:   0000005F  s_GSINIT                        
C:   0000005F  s_GSINIT5                       
C:   00000065  s_GSFINAL                       
C:   00000068  s_CSEG                          
C:   00000080  l_DSEG                          
C:   000000EF  l_SSEG                          
C:   00000100  l_IRAM                          
C:   0000031F  l_CSEG                          
C:   00000387  s_CONST                         
C:   00000387  s_XINIT                         

ASxxxx Linker V03.00/V05.40 + sdld,  page 3.
Hexadecimal  [32-Bits]

Area                                    Addr        Size        Decimal Bytes (Attributes)
--------------------------------        ----        ----        ------- ----- ------------
.  .ABS.                            00000000    00000000 =           0. bytes (ABS,CON)

      Value  Global                              Global Defined In Module
      -----  --------------------------------   ------------------------
     00000000  .__.ABS.                           _startup
     00000080  _MOSI                              uart
     00000080  _P0                                uart
     00000080  _P00                               uart
     00000081  _MISO                              uart
     00000081  _P01                               uart
     00000081  _SP                                uart
     00000082  _DPL                               uart
     00000082  _P02                               uart
     00000082  _RXD_1                             uart
     00000083  _DPH                               uart
     00000083  _P03                               uart
     00000084  _P04                               uart
     00000084  _RCTRIM0                           uart
     00000084  _STADC                             uart
     00000085  _P05                               uart
     00000085  _RCTRIM1                           uart
     00000086  _P06                               uart
     00000086  _RWK                               uart
     00000086  _TXD                               uart
     00000087  _P07                               uart
     00000087  _PCON                              uart
     00000087  _RXD                               uart
     00000088  _IT0                               uart
     00000088  _TCON                              uart
     00000089  _IE0                               uart
     00000089  _TMOD                              uart
     0000008A  _IT1                               uart
     0000008A  _TL0                               uart
     0000008B  _IE1                               uart
     0000008B  _TL1                               uart
     0000008C  _TH0                               uart
     0000008C  _TR0                               uart
     0000008D  _TF0                               uart
     0000008D  _TH1                               uart
     0000008E  _CKCON                             uart
     0000008E  _TR1                               uart
     0000008F  _TF1                               uart
     0000008F  _WKCON                             uart
     00000090  _P1                                uart
     00000090  _P10                               uart
     00000091  _P11                               uart
     00000091  _SFRS                              uart
     00000092  _CAPCON0                           uart
     00000092  _P12                               uart
     00000093  _CAPCON1                           uart
     00000093  _P13                               uart
     00000093  _SCL                               uart
     00000094  _CAPCON2                           uart
     00000094  _P14                               uart
ASxxxx Linker V03.00/V05.40 + sdld,  page 4.
Hexadecimal  [32-Bits]

Area                                    Addr        Size        Decimal Bytes (Attributes)
--------------------------------        ----        ----        ------- ----- ------------
.  .ABS.                            00000000    00000000 =           0. bytes (ABS,CON)

      Value  Global                              Global Defined In Module
      -----  --------------------------------   ------------------------
     00000094  _SDA                               uart
     00000095  _CKDIV                             uart
     00000095  _P15                               uart
     00000096  _CKSWT                             uart
     00000096  _P16                               uart
     00000096  _TXD_1                             uart
     00000097  _CKEN                              uart
     00000097  _P17                               uart
     00000098  _RI                                uart
     00000098  _SCON                              uart
     00000099  _SBUF                              uart
     00000099  _TI                                uart
     0000009A  _RB8                               uart
     0000009A  _SBUF_1                            uart
     0000009B  _EIE                               uart
     0000009B  _TB8                               uart
     0000009C  _EIE1                              uart
     0000009C  _REN                               uart
     0000009D  _SM2                               uart
     0000009E  _SM1                               uart
     0000009F  _CHPCON                            uart
     0000009F  _FE                                uart
     0000009F  _SM0                               uart
     000000A0  _P2                                uart
     000000A0  _P20                               uart
     000000A0  __XPAGE                            
     000000A2  _AUXR1                             uart
     000000A3  _BODCON0                           uart
     000000A4  _IAPTRG                            uart
     000000A5  _IAPUEN                            uart
     000000A6  _IAPAL                             uart
     000000A7  _IAPAH                             uart
     000000A8  _EX0                               uart
     000000A8  _IE                                uart
     000000A9  _ET0                               uart
     000000A9  _SADDR                             uart
     000000AA  _EX1                               uart
     000000AA  _WDCON                             uart
     000000AB  _BODCON1                           uart
     000000AB  _ET1                               uart
     000000AC  _ES                                uart
     000000AC  _P3M1                              uart
     000000AC  _P3S                               uart
     000000AD  _EBOD                              uart
     000000AD  _P3M2                              uart
     000000AD  _P3SR                              uart
     000000AE  _EADC                              uart
     000000AE  _IAPFD                             uart
     000000AF  _EA                                uart
     000000AF  _IAPCN                             uart
     000000B0  _P3                                uart
ASxxxx Linker V03.00/V05.40 + sdld,  page 5.
Hexadecimal  [32-Bits]

Area                                    Addr        Size        Decimal Bytes (Attributes)
--------------------------------        ----        ----        ------- ----- ------------
.  .ABS.                            00000000    00000000 =           0. bytes (ABS,CON)

      Value  Global                              Global Defined In Module
      -----  --------------------------------   ------------------------
     000000B0  _P30                               uart
     000000B1  _P0M1                              uart
     000000B1  _P0S                               uart
     000000B2  _P0M2                              uart
     000000B2  _P0SR                              uart
     000000B3  _P1M1                              uart
     000000B3  _P1S                               uart
     000000B4  _P1M2                              uart
     000000B4  _P1SR                              uart
     000000B5  _P2S                               uart
     000000B7  _IPH                               uart
     000000B7  _PWMINTC                           uart
     000000B8  _IP                                uart
     000000B8  _PX0                               uart
     000000B9  _PT0                               uart
     000000B9  _SADEN                             uart
     000000BA  _PX1                               uart
     000000BA  _SADEN_1                           uart
     000000BB  _PT1                               uart
     000000BB  _SADDR_1                           uart
     000000BC  _I2DAT                             uart
     000000BC  _PS                                uart
     000000BD  _I2STAT                            uart
     000000BD  _PBOD                              uart
     000000BE  _I2CLK                             uart
     000000BE  _PADC                              uart
     000000BF  _I2TOC                             uart
     000000C0  _I2CON                             uart
     000000C0  _I2CPX                             uart
     000000C1  _I2ADDR                            uart
     000000C2  _AA                                uart
     000000C2  _ADCRL                             uart
     000000C3  _ADCRH                             uart
     000000C3  _SI                                uart
     000000C4  _PWM4H                             uart
     000000C4  _STO                               uart
     000000C4  _T3CON                             uart
     000000C5  _PWM5H                             uart
     000000C5  _RL3                               uart
     000000C5  _STA                               uart
     000000C6  _I2CEN                             uart
     000000C6  _PIOCON1                           uart
     000000C6  _RH3                               uart
     000000C7  _TA                                uart
     000000C8  _CM_RL2                            uart
     000000C8  _T2CON                             uart
     000000C9  _T2MOD                             uart
     000000CA  _RCMP2L                            uart
     000000CA  _TR2                               uart
     000000CB  _RCMP2H                            uart
     000000CC  _PWM4L                             uart
ASxxxx Linker V03.00/V05.40 + sdld,  page 6.
Hexadecimal  [32-Bits]

Area                                    Addr        Size        Decimal Bytes (Attributes)
--------------------------------        ----        ----        ------- ----- ------------
.  .ABS.                            00000000    00000000 =           0. bytes (ABS,CON)

      Value  Global                              Global Defined In Module
      -----  --------------------------------   ------------------------
     000000CC  _TL2                               uart
     000000CD  _PWM5L                             uart
     000000CD  _TH2                               uart
     000000CE  _ADCMPL                            uart
     000000CF  _ADCMPH                            uart
     000000CF  _TF2                               uart
     000000D0  _P                                 uart
     000000D0  _PSW                               uart
     000000D1  _PWMPH                             uart
     000000D2  _OV                                uart
     000000D2  _PWM0H                             uart
     000000D3  _PWM1H                             uart
     000000D3  _RS0                               uart
     000000D4  _PWM2H                             uart
     000000D4  _RS1                               uart
     000000D5  _F0                                uart
     000000D5  _PWM3H                             uart
     000000D6  _AC                                uart
     000000D6  _PNP                               uart
     000000D7  _CY                                uart
     000000D7  _FBD                               uart
     000000D8  _PWMCON0                           uart
     000000D9  _PWMPL                             uart
     000000DA  _PWM0L                             uart
     000000DB  _PWM1L                             uart
     000000DC  _CLRPWM                            uart
     000000DC  _PWM2L                             uart
     000000DD  _PWM3L                             uart
     000000DD  _PWMF                              uart
     000000DE  _LOAD                              uart
     000000DE  _PIOCON0                           uart
     000000DF  _PWMCON1                           uart
     000000DF  _PWMRUN                            uart
     000000E0  _ACC                               uart
     000000E1  _ADCCON1                           uart
     000000E2  _ADCCON2                           uart
     000000E3  _ADCDLY                            uart
     000000E4  _C0L                               uart
     000000E5  _C0H                               uart
     000000E6  _C1L                               uart
     000000E7  _C1H                               uart
     000000E8  _ADCCON0                           uart
     000000E8  _ADCHS0                            uart
     000000E9  _ADCHS1                            uart
     000000E9  _PICON                             uart
     000000EA  _ADCHS2                            uart
     000000EA  _PINEN                             uart
     000000EB  _ADCHS3                            uart
     000000EB  _PIPEN                             uart
     000000EC  _ETGSEL0                           uart
     000000EC  _PIF                               uart
ASxxxx Linker V03.00/V05.40 + sdld,  page 7.
Hexadecimal  [32-Bits]

Area                                    Addr        Size        Decimal Bytes (Attributes)
--------------------------------        ----        ----        ------- ----- ------------
.  .ABS.                            00000000    00000000 =           0. bytes (ABS,CON)

      Value  Global                              Global Defined In Module
      -----  --------------------------------   ------------------------
     000000ED  _C2L                               uart
     000000ED  _ETGSEL1                           uart
     000000EE  _ADCS                              uart
     000000EE  _C2H                               uart
     000000EF  _ADCF                              uart
     000000EF  _EIP                               uart
     000000F0  _B                                 uart
     000000F1  _CAPCON3                           uart
     000000F2  _CAPCON4                           uart
     000000F3  _SPCR                              uart
     000000F3  _SPCR2                             uart
     000000F4  _SPSR                              uart
     000000F5  _B_5                               _gptrget
     000000F5  _SPDR                              uart
     000000F6  _AINDIDS                           uart
     000000F6  _B_6                               _gptrget
     000000F7  _B_7                               _gptrget
     000000F7  _EIPH                              uart
     000000F8  _RI_1                              uart
     000000F8  _SCON_1                            uart
     000000F9  _PDTEN                             uart
     000000F9  _TI_1                              uart
     000000FA  _PDTCNT                            uart
     000000FA  _RB8_1                             uart
     000000FB  _PMEN                              uart
     000000FB  _TB8_1                             uart
     000000FC  _PMD                               uart
     000000FC  _REN_1                             uart
     000000FD  _SM2_1                             uart
     000000FE  _EIP1                              uart
     000000FE  _SM1_1                             uart
     000000FF  _EIPH1                             uart
     000000FF  _FE_1                              uart
     000000FF  _SM0_1                             uart
ASxxxx Linker V03.00/V05.40 + sdld,  page 8.
Hexadecimal  [32-Bits]

Area                                    Addr        Size        Decimal Bytes (Attributes)
--------------------------------        ----        ----        ------- ----- ------------
REG_BANK_0                          00000000    00000008 =           8. bytes (REL,OVR)

      Value  Global                              Global Defined In Module
      -----  --------------------------------   ------------------------
ASxxxx Linker V03.00/V05.40 + sdld,  page 9.
Hexadecimal  [32-Bits]

Area                                    Addr        Size        Decimal Bytes (Attributes)
--------------------------------        ----        ----        ------- ----- ------------
DSEG                                00000000    00000080 =         128. bytes (REL,CON)

      Value  Global                              Global Defined In Module
      -----  --------------------------------   ------------------------
     00000008  _number                            main

ASxxxx Linker V03.00/V05.40 + sdld,  page 10.
Hexadecimal  [32-Bits]

Area                                    Addr        Size        Decimal Bytes (Attributes)
--------------------------------        ----        ----        ------- ----- ------------
OSEG                                0000000F    00000002 =           2. bytes (REL,OVR)

      Value  Global                              Global Defined In Module
      -----  --------------------------------   ------------------------
     0000000F  _DelayT0_PARM_2                    delay
     0000000F  _UART_Open_PARM_2                  uart
     0000000F  _UART_Send_Data_PARM_2             uart
     0000000F  __divsint_PARM_2                   _divuint
     0000000F  __divuint_PARM_2                   _divuint
     0000000F  __modsint_PARM_2                   _moduint
     0000000F  __moduint_PARM_2                   _moduint

ASxxxx Linker V03.00/V05.40 + sdld,  page 11.
Hexadecimal  [32-Bits]

Area                                    Addr        Size        Decimal Bytes (Attributes)
--------------------------------        ----        ----        ------- ----- ------------
SSEG                                00000011    000000EF =         239. bytes (REL,OVR)

      Value  Global                              Global Defined In Module
      -----  --------------------------------   ------------------------
     00000011  __start__stack                     main

ASxxxx Linker V03.00/V05.40 + sdld,  page 12.
Hexadecimal  [32-Bits]

Area                                    Addr        Size        Decimal Bytes (Attributes)
--------------------------------        ----        ----        ------- ----- ------------
HOME                                00000000    00000006 =           6. bytes (REL,CON,CODE)

      Value  Global                              Global Defined In Module
      -----  --------------------------------   ------------------------
C:   00000003  __sdcc_program_startup             main

ASxxxx Linker V03.00/V05.40 + sdld,  page 13.
Hexadecimal  [32-Bits]

Area                                    Addr        Size        Decimal Bytes (Attributes)
--------------------------------        ----        ----        ------- ----- ------------
GSINIT0                             00000006    00000003 =           3. bytes (REL,CON,CODE)

      Value  Global                              Global Defined In Module
      -----  --------------------------------   ------------------------
C:   00000006  __sdcc_gsinit_startup              

ASxxxx Linker V03.00/V05.40 + sdld,  page 14.
Hexadecimal  [32-Bits]

Area                                    Addr        Size        Decimal Bytes (Attributes)
--------------------------------        ----        ----        ------- ----- ------------
GSINIT2                             00000009    0000000A =          10. bytes (REL,CON,CODE)

      Value  Global                              Global Defined In Module
      -----  --------------------------------   ------------------------
ASxxxx Linker V03.00/V05.40 + sdld,  page 15.
Hexadecimal  [32-Bits]

Area                                    Addr        Size        Decimal Bytes (Attributes)
--------------------------------        ----        ----        ------- ----- ------------
GSINIT3                             00000013    00000022 =          34. bytes (REL,CON,CODE)

      Value  Global                              Global Defined In Module
      -----  --------------------------------   ------------------------
C:   00000013  __mcs51_genXINIT                   

ASxxxx Linker V03.00/V05.40 + sdld,  page 16.
Hexadecimal  [32-Bits]

Area                                    Addr        Size        Decimal Bytes (Attributes)
--------------------------------        ----        ----        ------- ----- ------------
GSINIT4                             00000035    0000002A =          42. bytes (REL,CON,CODE)

      Value  Global                              Global Defined In Module
      -----  --------------------------------   ------------------------
C:   00000035  __mcs51_genRAMCLEAR                
C:   0000003B  __mcs51_genXRAMCLEAR               

ASxxxx Linker V03.00/V05.40 + sdld,  page 17.
Hexadecimal  [32-Bits]

Area                                    Addr        Size        Decimal Bytes (Attributes)
--------------------------------        ----        ----        ------- ----- ------------
GSINIT                              0000005F    00000006 =           6. bytes (REL,CON,CODE)

      Value  Global                              Global Defined In Module
      -----  --------------------------------   ------------------------
ASxxxx Linker V03.00/V05.40 + sdld,  page 18.
Hexadecimal  [32-Bits]

Area                                    Addr        Size        Decimal Bytes (Attributes)
--------------------------------        ----        ----        ------- ----- ------------
GSFINAL                             00000065    00000003 =           3. bytes (REL,CON,CODE)

      Value  Global                              Global Defined In Module
      -----  --------------------------------   ------------------------
ASxxxx Linker V03.00/V05.40 + sdld,  page 19.
Hexadecimal  [32-Bits]

Area                                    Addr        Size        Decimal Bytes (Attributes)
--------------------------------        ----        ----        ------- ----- ------------
CSEG                                00000068    0000031F =         799. bytes (REL,CON,CODE)

      Value  Global                              Global Defined In Module
      -----  --------------------------------   ------------------------
C:   00000068  _main                              main
C:   000000AB  _DelayT0_Init                      delay
C:   000000B5  _DelayT0                           delay
C:   00000103  _UART_Open                         uart
C:   0000014C  _UART_Send_Data                    uart
C:   00000160  _Receive_Data                      uart
C:   00000181  _UART0_EnableInterrupt             uart
C:   00000184  _UART0_DisableInterrupt            uart
C:   00000187  _UART0_ClearFlag                   uart
C:   0000018D  _UART0_GetFlag                     uart
C:   0000019B  _UART0_STRING                      uart
C:   000001F1  _UART0_NUMBER                      uart
C:   00000283  __moduint                          _moduint
C:   000002D0  __divuint                          _divuint
C:   000002F9  __gptrget                          _gptrget
C:   00000315  __modsint                          _modsint
C:   0000034B  __divsint                          _divsint
C:   00000383  ___sdcc_external_startup           _startup
ASxxxx Linker V03.00/V05.40 + sdld,  page 20.

Files Linked                              [ module(s) ]

obj/main.rel                              [  ]
obj/delay.rel                             [  ]
obj/uart.rel                              [  ]


Libraries Linked                          [ object file ]

C:\Program Files\SDCC\bin\..\lib\small/mcs51.lib
                                          [ crtclear.rel ]
C:\Program Files\SDCC\bin\..\lib\small/mcs51.lib
                                          [ crtxinit.rel ]
C:\Program Files\SDCC\bin\..\lib\small/libint.lib
                                          [ _moduint.rel ]
C:\Program Files\SDCC\bin\..\lib\small/libint.lib
                                          [ _divuint.rel ]
C:\Program Files\SDCC\bin\..\lib\small/mcs51.lib
                                          [ crtxclear.rel ]
C:\Program Files\SDCC\bin\..\lib\small/mcs51.lib
                                          [ crtpagesfr.rel ]
C:\Program Files\SDCC\bin\..\lib\small/mcs51.lib
                                          [ crtstart.rel ]
C:\Program Files\SDCC\bin\..\lib\small/libsdcc.lib
                                          [ _gptrget.rel ]
C:\Program Files\SDCC\bin\..\lib\small/libint.lib
                                          [ _modsint.rel ]
C:\Program Files\SDCC\bin\..\lib\small/libint.lib
                                          [ _divsint.rel ]
C:\Program Files\SDCC\bin\..\lib\small/libsdcc.lib
                                          [ _startup.rel ]

ASxxxx Linker V03.00/V05.40 + sdld,  page 21.

User Base Address Definitions

HOME = 0x0000
ISEG = 0x0000
BSEG = 0x0000

